Archive member included because of file (symbol)

D:\dev\_draft\CANopen\lpc_board_ea_devkit_1788\Debug\liblpc_board_ea_devkit_1788.a(board.o)
                              ./example/src/can.o (Board_Init)
D:\dev\_draft\CANopen\lpc_board_ea_devkit_1788\Debug\liblpc_board_ea_devkit_1788.a(board_sysinit.o)
                              ./example/src/sysinit.o (Board_SystemInit)
D:\dev\_draft\CANopen\lpc_board_ea_devkit_1788\Debug\liblpc_board_ea_devkit_1788.a(uda1380.o)
                              D:\dev\_draft\CANopen\lpc_board_ea_devkit_1788\Debug\liblpc_board_ea_devkit_1788.a(board.o) (UDA1380_Init)
D:\dev\_draft\CANopen\lpc_chip_177x_8x\Debug\liblpc_chip_177x_8x.a(can_17xx_40xx.o)
                              ./example/src/can.o (Chip_CAN_Init)
D:\dev\_draft\CANopen\lpc_chip_177x_8x\Debug\liblpc_chip_177x_8x.a(chip_17xx_40xx.o)
                              ./example/src/can.o (SystemCoreClockUpdate)
D:\dev\_draft\CANopen\lpc_chip_177x_8x\Debug\liblpc_chip_177x_8x.a(clock_17xx_40xx.o)
                              D:\dev\_draft\CANopen\lpc_chip_177x_8x\Debug\liblpc_chip_177x_8x.a(chip_17xx_40xx.o) (Chip_Clock_SetupPLL)
D:\dev\_draft\CANopen\lpc_chip_177x_8x\Debug\liblpc_chip_177x_8x.a(emc_17xx_40xx.o)
                              D:\dev\_draft\CANopen\lpc_board_ea_devkit_1788\Debug\liblpc_board_ea_devkit_1788.a(board_sysinit.o) (Chip_EMC_Dynamic_Init)
D:\dev\_draft\CANopen\lpc_chip_177x_8x\Debug\liblpc_chip_177x_8x.a(i2c_17xx_40xx.o)
                              D:\dev\_draft\CANopen\lpc_board_ea_devkit_1788\Debug\liblpc_board_ea_devkit_1788.a(uda1380.o) (Chip_I2C_EventHandlerPolling)
D:\dev\_draft\CANopen\lpc_chip_177x_8x\Debug\liblpc_chip_177x_8x.a(i2s_17xx_40xx.o)
                              D:\dev\_draft\CANopen\lpc_board_ea_devkit_1788\Debug\liblpc_board_ea_devkit_1788.a(board.o) (Chip_I2S_Init)
D:\dev\_draft\CANopen\lpc_chip_177x_8x\Debug\liblpc_chip_177x_8x.a(iocon_17xx_40xx.o)
                              D:\dev\_draft\CANopen\lpc_board_ea_devkit_1788\Debug\liblpc_board_ea_devkit_1788.a(board_sysinit.o) (Chip_IOCON_SetPinMuxing)
D:\dev\_draft\CANopen\lpc_chip_177x_8x\Debug\liblpc_chip_177x_8x.a(ssp_17xx_40xx.o)
                              D:\dev\_draft\CANopen\lpc_board_ea_devkit_1788\Debug\liblpc_board_ea_devkit_1788.a(board.o) (Chip_SSP_WriteFrames_Blocking)
D:\dev\_draft\CANopen\lpc_chip_177x_8x\Debug\liblpc_chip_177x_8x.a(sysctl_17xx_40xx.o)
                              D:\dev\_draft\CANopen\lpc_board_ea_devkit_1788\Debug\liblpc_board_ea_devkit_1788.a(board_sysinit.o) (Chip_SYSCTL_PeriphReset)
D:\dev\_draft\CANopen\lpc_chip_177x_8x\Debug\liblpc_chip_177x_8x.a(sysinit_17xx_40xx.o)
                              D:\dev\_draft\CANopen\lpc_board_ea_devkit_1788\Debug\liblpc_board_ea_devkit_1788.a(board_sysinit.o) (Chip_SetupXtalClocking)
D:\dev\_draft\CANopen\lpc_chip_177x_8x\Debug\liblpc_chip_177x_8x.a(uart_17xx_40xx.o)
                              D:\dev\_draft\CANopen\lpc_board_ea_devkit_1788\Debug\liblpc_board_ea_devkit_1788.a(board.o) (Chip_UART_Init)
D:\dev\_draft\CANopen\lpc_chip_177x_8x\Debug\liblpc_chip_177x_8x.a(ring_buffer.o)
                              D:\dev\_draft\CANopen\lpc_chip_177x_8x\Debug\liblpc_chip_177x_8x.a(uart_17xx_40xx.o) (RingBuffer_Insert)
c:/nxp/lpcxpresso_8.0.0_526/lpcxpresso/tools/bin/../lib/gcc/arm-none-eabi/4.9.3/../../../../arm-none-eabi/lib/armv7-m\libcr_nohost.a(_cr__main.o)
                              ./example/src/cr_startup_lpc177x_8x.o (__main)
c:/nxp/lpcxpresso_8.0.0_526/lpcxpresso/tools/bin/../lib/gcc/arm-none-eabi/4.9.3/../../../../arm-none-eabi/lib/armv7-m\libcr_c.a(memcpy.o)
                              D:\dev\_draft\CANopen\lpc_board_ea_devkit_1788\Debug\liblpc_board_ea_devkit_1788.a(board.o) (memcpy)
c:/nxp/lpcxpresso_8.0.0_526/lpcxpresso/tools/bin/../lib/gcc/arm-none-eabi/4.9.3/../../../../arm-none-eabi/lib/armv7-m\libcr_c.a(fpprintf.o)
                              ./example/src/can.o (printf)
c:/nxp/lpcxpresso_8.0.0_526/lpcxpresso/tools/bin/../lib/gcc/arm-none-eabi/4.9.3/../../../../arm-none-eabi/lib/armv7-m\libcr_c.a(initio.o)
                              c:/nxp/lpcxpresso_8.0.0_526/lpcxpresso/tools/bin/../lib/gcc/arm-none-eabi/4.9.3/../../../../arm-none-eabi/lib/armv7-m\libcr_nohost.a(_cr__main.o) (_initio)
c:/nxp/lpcxpresso_8.0.0_526/lpcxpresso/tools/bin/../lib/gcc/arm-none-eabi/4.9.3/../../../../arm-none-eabi/lib/armv7-m\libcr_c.a(printf.o)
                              c:/nxp/lpcxpresso_8.0.0_526/lpcxpresso/tools/bin/../lib/gcc/arm-none-eabi/4.9.3/../../../../arm-none-eabi/lib/armv7-m\libcr_c.a(fpprintf.o) (__vfprintf)
c:/nxp/lpcxpresso_8.0.0_526/lpcxpresso/tools/bin/../lib/gcc/arm-none-eabi/4.9.3/../../../../arm-none-eabi/lib/armv7-m\libcr_c.a(setvbuf.o)
                              c:/nxp/lpcxpresso_8.0.0_526/lpcxpresso/tools/bin/../lib/gcc/arm-none-eabi/4.9.3/../../../../arm-none-eabi/lib/armv7-m\libcr_c.a(initio.o) (setvbuf)
[...]
Memory Configuration

Name             Origin             Length             Attributes
MFlash512        0x00000000         0x00080000         xr
RamLoc64         0x10000000         0x00010000         xrw
RamPeriph32      0x20000000         0x00008000         xrw
*default*        0x00000000         0xffffffff

Linker script and memory map

LOAD ./example/src/can.o
LOAD ./example/src/cr_startup_lpc177x_8x.o
LOAD ./example/src/sysinit.o
LOAD D:\dev\_draft\CANopen\lpc_board_ea_devkit_1788\Debug\liblpc_board_ea_devkit_1788.a
LOAD D:\dev\_draft\CANopen\lpc_chip_177x_8x\Debug\liblpc_chip_177x_8x.a
START GROUP
LOAD c:/nxp/lpcxpresso_8.0.0_526/lpcxpresso/tools/bin/../lib/gcc/arm-none-eabi/4.9.3/../../../../arm-none-eabi/lib/armv7-m\libcr_nohost.a
LOAD c:/nxp/lpcxpresso_8.0.0_526/lpcxpresso/tools/bin/../lib/gcc/arm-none-eabi/4.9.3/../../../../arm-none-eabi/lib/armv7-m\libcr_c.a
LOAD c:/nxp/lpcxpresso_8.0.0_526/lpcxpresso/tools/bin/../lib/gcc/arm-none-eabi/4.9.3/armv7-m\libcr_eabihelpers.a
END GROUP
                0x00000000                __base_MFlash512 = 0x0
                0x00000000                __base_Flash = 0x0
                0x00080000                __top_MFlash512 = 0x80000
                0x00080000                __top_Flash = 0x80000
                0x10000000                __base_RamLoc64 = 0x10000000
                0x10000000                __base_RAM = 0x10000000
                0x10010000                __top_RamLoc64 = 0x10010000
                0x10010000                __top_RAM = 0x10010000
                0x20000000                __base_RamPeriph32 = 0x20000000
                0x20000000                __base_RAM2 = 0x20000000
                0x20008000                __top_RamPeriph32 = 0x20008000
                0x20008000                __top_RAM2 = 0x20008000

.text           0x00000000     0x6d90
 FILL mask 0xff
                0x00000000                __vectors_start__ = ABSOLUTE (.)
 *(.isr_vector)
 .isr_vector    0x00000000       0xe4 ./example/src/cr_startup_lpc177x_8x.o
                0x00000000                g_pfnVectors
                0x000000e4                . = ALIGN (0x4)
                0x000000e4                __section_table_start = .
                0x000000e4                __data_section_table = .
                0x000000e4        0x4 LONG 0x6d90 LOADADDR (.data)
                0x000000e8        0x4 LONG 0x10000000 ADDR (.data)
                0x000000ec        0x4 LONG 0x134 SIZEOF (.data)
                0x000000f0        0x4 LONG 0x6d90 LOADADDR (.data_RAM2)
                0x000000f4        0x4 LONG 0x20000000 ADDR (.data_RAM2)
                0x000000f8        0x4 LONG 0x0 SIZEOF (.data_RAM2)
                0x000000fc                __data_section_table_end = .
                0x000000fc                __bss_section_table = .
                0x000000fc        0x4 LONG 0x10000134 ADDR (.bss)
                0x00000100        0x4 LONG 0x154 SIZEOF (.bss)
                0x00000104        0x4 LONG 0x20000000 ADDR (.bss_RAM2)
                0x00000108        0x4 LONG 0x0 SIZEOF (.bss_RAM2)
                0x0000010c                __bss_section_table_end = .
                0x0000010c                __section_table_end = .
 *(.after_vectors*)
 .after_vectors
                0x0000010c      0x144 ./example/src/cr_startup_lpc177x_8x.o
                0x0000010c                data_init
                0x00000150                bss_init
                0x00000188                ResetISR
                0x00000200                NMI_Handler
                0x00000208                HardFault_Handler
                0x00000210                MemManage_Handler
                0x00000218                BusFault_Handler
                0x00000220                UsageFault_Handler
                0x00000228                SVC_Handler
                0x00000230                DebugMon_Handler
                0x00000238                PendSV_Handler
                0x00000240                SysTick_Handler
                0x00000248                I2C1_IRQHandler
                0x00000248                EINT2_IRQHandler
                0x00000248                UART1_IRQHandler
                0x00000248                EINT3_IRQHandler
                0x00000248                CANActivity_IRQHandler
                0x00000248                TIMER3_IRQHandler
                0x00000248                UART0_IRQHandler
                0x00000248                SDIO_IRQHandler
                0x00000248                PWM1_IRQHandler
                0x00000248                IntDefaultHandler
                0x00000248                PLL0_IRQHandler
                0x00000248                PLL1_IRQHandler
                0x00000248                SSP0_IRQHandler
                0x00000248                RIT_IRQHandler
                0x00000248                I2C2_IRQHandler
                0x00000248                RTC_IRQHandler
                0x00000248                TIMER0_IRQHandler
                0x00000248                SPI_IRQHandler
                0x00000248                LCD_IRQHandler
                0x00000248                I2C0_IRQHandler
                0x00000248                EINT1_IRQHandler
                0x00000248                TIMER1_IRQHandler
                0x00000248                UART2_IRQHandler
                0x00000248                UART4_IRQHandler
                0x00000248                ADC_IRQHandler
                0x00000248                SSP1_IRQHandler
                0x00000248                USB_IRQHandler
                0x00000248                BOD_IRQHandler
                0x00000248                TIMER2_IRQHandler
                0x00000248                WDT_IRQHandler
                0x00000248                USBActivity_IRQHandler
                0x00000248                QEI_IRQHandler
                0x00000248                EINT0_IRQHandler
                0x00000248                ETH_IRQHandler
                0x00000248                PWM0_IRQHandler
                0x00000248                SSP2_IRQHandler
                0x00000248                EEPROM_IRQHandler
                0x00000248                I2S_IRQHandler
                0x00000248                DMA_IRQHandler
                0x00000248                GPIO_IRQHandler
                0x00000248                UART3_IRQHandler
                0x00000248                MCPWM_IRQHandler
 *(.text*)
 .text.NVIC_EnableIRQ
                0x00000250       0x30 ./example/src/can.o
 .text.Chip_CAN_GetStatus
                0x00000280       0x18 ./example/src/can.o
 .text.Chip_CAN_EnableInt
                0x00000298       0x20 ./example/src/can.o
 .text.Chip_CAN_GetIntStatus
                0x000002b8       0x18 ./example/src/can.o
 .text.Chip_CAN_SetAFMode
                0x000002d0       0x1c ./example/src/can.o
 .text.PrintCANErrorInfo
                0x000002ec       0xc0 ./example/src/can.o
 .text.PrintCANMsg
                0x000003ac       0xc0 ./example/src/can.o
 .text.ReplyRemoteMessage
                0x0000046c       0x78 ./example/src/can.o
 .text.ReplyNormalMessage
                0x000004e4       0x58 ./example/src/can.o
 .text.PrintAFLUT
                0x0000053c      0x1cc ./example/src/can.o
 .text.SetupAFLUT
                0x00000708       0x28 ./example/src/can.o
 .text.ChangeAFLUT
                0x00000730      0x2d4 ./example/src/can.o
 .text.CAN_IRQHandler
                0x00000a04       0xf8 ./example/src/can.o
                0x00000a04                CAN_IRQHandler
 .text.main     0x00000afc      0x18c ./example/src/can.o
                0x00000afc                main
 .text.SystemInit
                0x00000c88       0x24 ./example/src/sysinit.o
                0x00000c88                SystemInit
 .text.Chip_IOCON_Init
                0x00000cac       0x14 D:\dev\_draft\CANopen\lpc_board_ea_devkit_1788\Debug\liblpc_board_ea_devkit_1788.a(board.o)
 .text.Chip_IOCON_PinMuxSet
                0x00000cc0       0x2c D:\dev\_draft\CANopen\lpc_board_ea_devkit_1788\Debug\liblpc_board_ea_devkit_1788.a(board.o)
 .text.Chip_GPIO_Init
                0x00000cec       0x14 D:\dev\_draft\CANopen\lpc_board_ea_devkit_1788\Debug\liblpc_board_ea_devkit_1788.a(board.o)
 .text.Chip_GPIO_SetPinState
                0x00000d00       0x68 D:\dev\_draft\CANopen\lpc_board_ea_devkit_1788\Debug\liblpc_board_ea_devkit_1788.a(board.o)
 .text.Chip_GPIO_WritePortBit
                0x00000d68       0x2c D:\dev\_draft\CANopen\lpc_board_ea_devkit_1788\Debug\liblpc_board_ea_devkit_1788.a(board.o)
 .text.Chip_GPIO_SetPinDIROutput
                0x00000d94       0x38 D:\dev\_draft\CANopen\lpc_board_ea_devkit_1788\Debug\liblpc_board_ea_devkit_1788.a(board.o)
 .text.Chip_GPIO_SetPinDIRInput
                0x00000dcc       0x3c D:\dev\_draft\CANopen\lpc_board_ea_devkit_1788\Debug\liblpc_board_ea_devkit_1788.a(board.o)
 .text.Chip_GPIO_SetPinDIR
                0x00000e08       0x44 D:\dev\_draft\CANopen\lpc_board_ea_devkit_1788\Debug\liblpc_board_ea_devkit_1788.a(board.o)
 .text.Chip_GPIO_WriteDirBit
                0x00000e4c       0x2c D:\dev\_draft\CANopen\lpc_board_ea_devkit_1788\Debug\liblpc_board_ea_devkit_1788.a(board.o)
 .text.Chip_UART_SendByte
                0x00000e78       0x1c D:\dev\_draft\CANopen\lpc_board_ea_devkit_1788\Debug\liblpc_board_ea_devkit_1788.a(board.o)
 .text.Chip_UART_ConfigData
                0x00000e94       0x1c D:\dev\_draft\CANopen\lpc_board_ea_devkit_1788\Debug\liblpc_board_ea_devkit_1788.a(board.o)
 .text.Chip_UART_ReadLineStatus
                0x00000eb0       0x18 D:\dev\_draft\CANopen\lpc_board_ea_devkit_1788\Debug\liblpc_board_ea_devkit_1788.a(board.o)
 .text.__sys_write
                0x00000ec8       0x38 D:\dev\_draft\CANopen\lpc_board_ea_devkit_1788\Debug\liblpc_board_ea_devkit_1788.a(board.o)
                0x00000ec8                __sys_write
 .text.Board_UART_Init
                0x00000f00       0x5c D:\dev\_draft\CANopen\lpc_board_ea_devkit_1788\Debug\liblpc_board_ea_devkit_1788.a(board.o)
                0x00000f00                Board_UART_Init
 .text.Board_Debug_Init
                0x00000f5c       0x30 D:\dev\_draft\CANopen\lpc_board_ea_devkit_1788\Debug\liblpc_board_ea_devkit_1788.a(board.o)
                0x00000f5c                Board_Debug_Init
 .text.Board_UARTPutChar
                0x00000f8c       0x30 D:\dev\_draft\CANopen\lpc_board_ea_devkit_1788\Debug\liblpc_board_ea_devkit_1788.a(board.o)
                0x00000f8c                Board_UARTPutChar
 .text.Board_LED_Init
                0x00000fbc       0x60 D:\dev\_draft\CANopen\lpc_board_ea_devkit_1788\Debug\liblpc_board_ea_devkit_1788.a(board.o)
 .text.Board_Init
                0x0000101c       0x24 D:\dev\_draft\CANopen\lpc_board_ea_devkit_1788\Debug\liblpc_board_ea_devkit_1788.a(board.o)
                0x0000101c                Board_Init
 .text.Chip_SYSCTL_EnableBoost
                0x00001040       0x18 D:\dev\_draft\CANopen\lpc_board_ea_devkit_1788\Debug\liblpc_board_ea_devkit_1788.a(board_sysinit.o)
 .text.Chip_Clock_SetEMCClockDiv
                0x00001058       0x20 D:\dev\_draft\CANopen\lpc_board_ea_devkit_1788\Debug\liblpc_board_ea_devkit_1788.a(board_sysinit.o)
 .text.Chip_IOCON_PinMuxSet
                0x00001078       0x2c D:\dev\_draft\CANopen\lpc_board_ea_devkit_1788\Debug\liblpc_board_ea_devkit_1788.a(board_sysinit.o)
 .text.Board_SetupClocking
                0x000010a4       0x1c D:\dev\_draft\CANopen\lpc_board_ea_devkit_1788\Debug\liblpc_board_ea_devkit_1788.a(board_sysinit.o)
                0x000010a4                Board_SetupClocking
 .text.Board_SetupMuxing
                0x000010c0       0x88 D:\dev\_draft\CANopen\lpc_board_ea_devkit_1788\Debug\liblpc_board_ea_devkit_1788.a(board_sysinit.o)
                0x000010c0                Board_SetupMuxing
 .text.Board_SetupExtMemory
                0x00001148       0x58 D:\dev\_draft\CANopen\lpc_board_ea_devkit_1788\Debug\liblpc_board_ea_devkit_1788.a(board_sysinit.o)
                0x00001148                Board_SetupExtMemory
 .text.Board_SystemInit
                0x000011a0       0x14 D:\dev\_draft\CANopen\lpc_board_ea_devkit_1788\Debug\liblpc_board_ea_devkit_1788.a(board_sysinit.o)
                0x000011a0                Board_SystemInit
 .text.Chip_CAN_SetCmd
                0x000011b4       0x1c D:\dev\_draft\CANopen\lpc_chip_177x_8x\Debug\liblpc_chip_177x_8x.a(can_17xx_40xx.o)
 .text.Chip_CAN_GetStatus
                0x000011d0       0x18 D:\dev\_draft\CANopen\lpc_chip_177x_8x\Debug\liblpc_chip_177x_8x.a(can_17xx_40xx.o)
 .text.Chip_CAN_GetMode
                0x000011e8       0x20 D:\dev\_draft\CANopen\lpc_chip_177x_8x\Debug\liblpc_chip_177x_8x.a(can_17xx_40xx.o)
 .text.Chip_CAN_SetAFMode
                0x00001208       0x1c D:\dev\_draft\CANopen\lpc_chip_177x_8x\Debug\liblpc_chip_177x_8x.a(can_17xx_40xx.o)
 .text.Chip_CAN_GetAFMode
                0x00001224       0x1c D:\dev\_draft\CANopen\lpc_chip_177x_8x\Debug\liblpc_chip_177x_8x.a(can_17xx_40xx.o)
 .text.setBusTiming
                0x00001240       0x68 D:\dev\_draft\CANopen\lpc_chip_177x_8x\Debug\liblpc_chip_177x_8x.a(can_17xx_40xx.o)
 .text.getSectionAddress
                0x000012a8       0x78 D:\dev\_draft\CANopen\lpc_chip_177x_8x\Debug\liblpc_chip_177x_8x.a(can_17xx_40xx.o)
 .text.getTotalEntryNum
                0x00001320       0x24 D:\dev\_draft\CANopen\lpc_chip_177x_8x\Debug\liblpc_chip_177x_8x.a(can_17xx_40xx.o)
 .text.setSectionEndAddress
                0x00001344       0x30 D:\dev\_draft\CANopen\lpc_chip_177x_8x\Debug\liblpc_chip_177x_8x.a(can_17xx_40xx.o)
 .text.getReceiveFrameInfo
                0x00001374       0x34 D:\dev\_draft\CANopen\lpc_chip_177x_8x\Debug\liblpc_chip_177x_8x.a(can_17xx_40xx.o)
 .text.setSendFrameInfo
                0x000013a8       0x2c D:\dev\_draft\CANopen\lpc_chip_177x_8x\Debug\liblpc_chip_177x_8x.a(can_17xx_40xx.o)
 .text.createStdIDEntry
                0x000013d4       0x5c D:\dev\_draft\CANopen\lpc_chip_177x_8x\Debug\liblpc_chip_177x_8x.a(can_17xx_40xx.o)
 .text.createUnUsedSTDEntry
                0x00001430       0x24 D:\dev\_draft\CANopen\lpc_chip_177x_8x\Debug\liblpc_chip_177x_8x.a(can_17xx_40xx.o)
 .text.readStdIDEntry
                0x00001454       0x48 D:\dev\_draft\CANopen\lpc_chip_177x_8x\Debug\liblpc_chip_177x_8x.a(can_17xx_40xx.o)
 .text.setupSTDSection
                0x0000149c      0x10c D:\dev\_draft\CANopen\lpc_chip_177x_8x\Debug\liblpc_chip_177x_8x.a(can_17xx_40xx.o)
 .text.setupSTDRangeSection
                0x000015a8       0x2c D:\dev\_draft\CANopen\lpc_chip_177x_8x\Debug\liblpc_chip_177x_8x.a(can_17xx_40xx.o)
 .text.shiftSTDEntryDown
                0x000015d4       0xa4 D:\dev\_draft\CANopen\lpc_chip_177x_8x\Debug\liblpc_chip_177x_8x.a(can_17xx_40xx.o)
 .text.shiftSTDEntryUp
                0x00001678       0xcc D:\dev\_draft\CANopen\lpc_chip_177x_8x\Debug\liblpc_chip_177x_8x.a(can_17xx_40xx.o)
 .text.createExtIDEntry
                0x00001744       0x30 D:\dev\_draft\CANopen\lpc_chip_177x_8x\Debug\liblpc_chip_177x_8x.a(can_17xx_40xx.o)
 .text.readExtIDEntry
                0x00001774       0x28 D:\dev\_draft\CANopen\lpc_chip_177x_8x\Debug\liblpc_chip_177x_8x.a(can_17xx_40xx.o)
 .text.setupEXTSection
                0x0000179c       0x78 D:\dev\_draft\CANopen\lpc_chip_177x_8x\Debug\liblpc_chip_177x_8x.a(can_17xx_40xx.o)
 .text.setupEXTRangeSection
                0x00001814       0x28 D:\dev\_draft\CANopen\lpc_chip_177x_8x\Debug\liblpc_chip_177x_8x.a(can_17xx_40xx.o)
 .text.getArrayVal
                0x0000183c       0x80 D:\dev\_draft\CANopen\lpc_chip_177x_8x\Debug\liblpc_chip_177x_8x.a(can_17xx_40xx.o)
 .text.searchInsertIndex
                0x000018bc       0xf8 D:\dev\_draft\CANopen\lpc_chip_177x_8x\Debug\liblpc_chip_177x_8x.a(can_17xx_40xx.o)
 .text.insertSTDEntry
                0x000019b4      0x320 D:\dev\_draft\CANopen\lpc_chip_177x_8x\Debug\liblpc_chip_177x_8x.a(can_17xx_40xx.o)
 .text.readSTDEntry
                0x00001cd4       0xe4 D:\dev\_draft\CANopen\lpc_chip_177x_8x\Debug\liblpc_chip_177x_8x.a(can_17xx_40xx.o)
 .text.removeSTDEntry
                0x00001db8      0x2f8 D:\dev\_draft\CANopen\lpc_chip_177x_8x\Debug\liblpc_chip_177x_8x.a(can_17xx_40xx.o)
                0x00001db8                removeSTDEntry
 .text.removeLUTEntry
                0x000020b0      0x1a8 D:\dev\_draft\CANopen\lpc_chip_177x_8x\Debug\liblpc_chip_177x_8x.a(can_17xx_40xx.o)
                0x000020b0                removeLUTEntry
 .text.clearAFLUT
                0x00002258       0x80 D:\dev\_draft\CANopen\lpc_chip_177x_8x\Debug\liblpc_chip_177x_8x.a(can_17xx_40xx.o)
                0x00002258                clearAFLUT
 .text.Chip_CAN_GetClockIndex
                0x000022d8       0x2c D:\dev\_draft\CANopen\lpc_chip_177x_8x\Debug\liblpc_chip_177x_8x.a(can_17xx_40xx.o)
 .text.Chip_CAN_GetResetIndex
                0x00002304       0x2c D:\dev\_draft\CANopen\lpc_chip_177x_8x\Debug\liblpc_chip_177x_8x.a(can_17xx_40xx.o)
 .text.Chip_CAN_Init
                0x00002330       0x6c D:\dev\_draft\CANopen\lpc_chip_177x_8x\Debug\liblpc_chip_177x_8x.a(can_17xx_40xx.o)
                0x00002330                Chip_CAN_Init
 .text.Chip_CAN_SetBitRate
                0x0000239c       0xc8 D:\dev\_draft\CANopen\lpc_chip_177x_8x\Debug\liblpc_chip_177x_8x.a(can_17xx_40xx.o)
                0x0000239c                Chip_CAN_SetBitRate
 .text.Chip_CAN_SetMode
                0x00002464       0x94 D:\dev\_draft\CANopen\lpc_chip_177x_8x\Debug\liblpc_chip_177x_8x.a(can_17xx_40xx.o)
                0x00002464                Chip_CAN_SetMode
 .text.Chip_CAN_GetFreeTxBuf
                0x000024f8       0x44 D:\dev\_draft\CANopen\lpc_chip_177x_8x\Debug\liblpc_chip_177x_8x.a(can_17xx_40xx.o)
                0x000024f8                Chip_CAN_GetFreeTxBuf
 .text.Chip_CAN_SetAFLUT
                0x0000253c      0x1d8 D:\dev\_draft\CANopen\lpc_chip_177x_8x\Debug\liblpc_chip_177x_8x.a(can_17xx_40xx.o)
                0x0000253c                Chip_CAN_SetAFLUT
 .text.Chip_CAN_GetEntriesNum
                0x00002714       0xb0 D:\dev\_draft\CANopen\lpc_chip_177x_8x\Debug\liblpc_chip_177x_8x.a(can_17xx_40xx.o)
                0x00002714                Chip_CAN_GetEntriesNum
 .text.Chip_CAN_InsertFullCANEntry
                0x000027c4       0x24 D:\dev\_draft\CANopen\lpc_chip_177x_8x\Debug\liblpc_chip_177x_8x.a(can_17xx_40xx.o)
                0x000027c4                Chip_CAN_InsertFullCANEntry
 .text.Chip_CAN_InsertSTDEntry
                0x000027e8       0x24 D:\dev\_draft\CANopen\lpc_chip_177x_8x\Debug\liblpc_chip_177x_8x.a(can_17xx_40xx.o)
                0x000027e8                Chip_CAN_InsertSTDEntry
 .text.Chip_CAN_InsertEXTEntry
                0x0000280c      0x138 D:\dev\_draft\CANopen\lpc_chip_177x_8x\Debug\liblpc_chip_177x_8x.a(can_17xx_40xx.o)
                0x0000280c                Chip_CAN_InsertEXTEntry
 .text.Chip_CAN_InsertGroupSTDEntry
                0x00002944      0x26c D:\dev\_draft\CANopen\lpc_chip_177x_8x\Debug\liblpc_chip_177x_8x.a(can_17xx_40xx.o)
                0x00002944                Chip_CAN_InsertGroupSTDEntry
 .text.Chip_CAN_InsertGroupEXTEntry
                0x00002bb0      0x1e0 D:\dev\_draft\CANopen\lpc_chip_177x_8x\Debug\liblpc_chip_177x_8x.a(can_17xx_40xx.o)
                0x00002bb0                Chip_CAN_InsertGroupEXTEntry
 .text.Chip_CAN_RemoveFullCANEntry
                0x00002d90       0x28 D:\dev\_draft\CANopen\lpc_chip_177x_8x\Debug\liblpc_chip_177x_8x.a(can_17xx_40xx.o)
                0x00002d90                Chip_CAN_RemoveFullCANEntry
 .text.Chip_CAN_RemoveSTDEntry
                0x00002db8       0x28 D:\dev\_draft\CANopen\lpc_chip_177x_8x\Debug\liblpc_chip_177x_8x.a(can_17xx_40xx.o)
                0x00002db8                Chip_CAN_RemoveSTDEntry
 .text.Chip_CAN_RemoveGroupSTDEntry
                0x00002de0       0x28 D:\dev\_draft\CANopen\lpc_chip_177x_8x\Debug\liblpc_chip_177x_8x.a(can_17xx_40xx.o)
                0x00002de0                Chip_CAN_RemoveGroupSTDEntry
 .text.Chip_CAN_RemoveEXTEntry
                0x00002e08       0x28 D:\dev\_draft\CANopen\lpc_chip_177x_8x\Debug\liblpc_chip_177x_8x.a(can_17xx_40xx.o)
                0x00002e08                Chip_CAN_RemoveEXTEntry
 .text.Chip_CAN_RemoveGroupEXTEntry
                0x00002e30       0x28 D:\dev\_draft\CANopen\lpc_chip_177x_8x\Debug\liblpc_chip_177x_8x.a(can_17xx_40xx.o)
                0x00002e30                Chip_CAN_RemoveGroupEXTEntry
 .text.Chip_CAN_ReadFullCANEntry
                0x00002e58       0x2c D:\dev\_draft\CANopen\lpc_chip_177x_8x\Debug\liblpc_chip_177x_8x.a(can_17xx_40xx.o)
                0x00002e58                Chip_CAN_ReadFullCANEntry
 .text.Chip_CAN_ReadSTDEntry
                0x00002e84       0x2c D:\dev\_draft\CANopen\lpc_chip_177x_8x\Debug\liblpc_chip_177x_8x.a(can_17xx_40xx.o)
                0x00002e84                Chip_CAN_ReadSTDEntry
 .text.Chip_CAN_ReadGroupSTDEntry
                0x00002eb0       0x88 D:\dev\_draft\CANopen\lpc_chip_177x_8x\Debug\liblpc_chip_177x_8x.a(can_17xx_40xx.o)
                0x00002eb0                Chip_CAN_ReadGroupSTDEntry
 .text.Chip_CAN_ReadEXTEntry
                0x00002f38       0x64 D:\dev\_draft\CANopen\lpc_chip_177x_8x\Debug\liblpc_chip_177x_8x.a(can_17xx_40xx.o)
                0x00002f38                Chip_CAN_ReadEXTEntry
 .text.Chip_CAN_ReadGroupEXTEntry
                0x00002f9c       0x8c D:\dev\_draft\CANopen\lpc_chip_177x_8x\Debug\liblpc_chip_177x_8x.a(can_17xx_40xx.o)
                0x00002f9c                Chip_CAN_ReadGroupEXTEntry
 .text.Chip_CAN_Send
                0x00003028      0x130 D:\dev\_draft\CANopen\lpc_chip_177x_8x\Debug\liblpc_chip_177x_8x.a(can_17xx_40xx.o)
                0x00003028                Chip_CAN_Send
 .text.Chip_CAN_Receive
                0x00003158       0xe4 D:\dev\_draft\CANopen\lpc_chip_177x_8x\Debug\liblpc_chip_177x_8x.a(can_17xx_40xx.o)
                0x00003158                Chip_CAN_Receive
 .text.Chip_CAN_ConfigFullCANInt
                0x0000323c       0x4c D:\dev\_draft\CANopen\lpc_chip_177x_8x\Debug\liblpc_chip_177x_8x.a(can_17xx_40xx.o)
                0x0000323c                Chip_CAN_ConfigFullCANInt
 .text.Chip_CAN_GetFullCANIntStatus
                0x00003288       0x4c D:\dev\_draft\CANopen\lpc_chip_177x_8x\Debug\liblpc_chip_177x_8x.a(can_17xx_40xx.o)
                0x00003288                Chip_CAN_GetFullCANIntStatus
 .text.Chip_CAN_FullCANReceive
                0x000032d4       0xc0 D:\dev\_draft\CANopen\lpc_chip_177x_8x\Debug\liblpc_chip_177x_8x.a(can_17xx_40xx.o)
                0x000032d4                Chip_CAN_FullCANReceive
 .text.SystemCoreClockUpdate
                0x00003394       0x14 D:\dev\_draft\CANopen\lpc_chip_177x_8x\Debug\liblpc_chip_177x_8x.a(chip_17xx_40xx.o)
                0x00003394                SystemCoreClockUpdate
 .text.Chip_Clock_IsMainPLLEnabled
                0x000033a8       0x28 D:\dev\_draft\CANopen\lpc_chip_177x_8x\Debug\liblpc_chip_177x_8x.a(clock_17xx_40xx.o)
 .text.Chip_Clock_FeedPLL
                0x000033d0       0x34 D:\dev\_draft\CANopen\lpc_chip_177x_8x\Debug\liblpc_chip_177x_8x.a(clock_17xx_40xx.o)
 .text.Chip_Clock_GetMainPLLSource
                0x00003404       0x20 D:\dev\_draft\CANopen\lpc_chip_177x_8x\Debug\liblpc_chip_177x_8x.a(clock_17xx_40xx.o)
 .text.Chip_Clock_GetPCLKDiv
                0x00003424       0x1c D:\dev\_draft\CANopen\lpc_chip_177x_8x\Debug\liblpc_chip_177x_8x.a(clock_17xx_40xx.o)
 .text.Chip_Clock_GetMainOscRate
                0x00003440       0x18 D:\dev\_draft\CANopen\lpc_chip_177x_8x\Debug\liblpc_chip_177x_8x.a(clock_17xx_40xx.o)
 .text.Chip_Clock_GetIntOscRate
                0x00003458       0x14 D:\dev\_draft\CANopen\lpc_chip_177x_8x\Debug\liblpc_chip_177x_8x.a(clock_17xx_40xx.o)
 .text.Chip_Clock_GetMainPLLInClockRate
                0x0000346c       0x10 D:\dev\_draft\CANopen\lpc_chip_177x_8x\Debug\liblpc_chip_177x_8x.a(clock_17xx_40xx.o)
 .text.Chip_Clock_EnablePLL
                0x0000347c       0x44 D:\dev\_draft\CANopen\lpc_chip_177x_8x\Debug\liblpc_chip_177x_8x.a(clock_17xx_40xx.o)
                0x0000347c                Chip_Clock_EnablePLL
 .text.Chip_Clock_DisablePLL
                0x000034c0       0x44 D:\dev\_draft\CANopen\lpc_chip_177x_8x\Debug\liblpc_chip_177x_8x.a(clock_17xx_40xx.o)
                0x000034c0                Chip_Clock_DisablePLL
 .text.Chip_Clock_SetupPLL
                0x00003504       0x48 D:\dev\_draft\CANopen\lpc_chip_177x_8x\Debug\liblpc_chip_177x_8x.a(clock_17xx_40xx.o)
                0x00003504                Chip_Clock_SetupPLL
 .text.Chip_Clock_EnablePeriphClock
                0x0000354c       0x34 D:\dev\_draft\CANopen\lpc_chip_177x_8x\Debug\liblpc_chip_177x_8x.a(clock_17xx_40xx.o)
                0x0000354c                Chip_Clock_EnablePeriphClock
 .text.Chip_Clock_SetCPUClockSource
                0x00003580       0x40 D:\dev\_draft\CANopen\lpc_chip_177x_8x\Debug\liblpc_chip_177x_8x.a(clock_17xx_40xx.o)
                0x00003580                Chip_Clock_SetCPUClockSource
 .text.Chip_Clock_GetCPUClockSource
                0x000035c0       0x30 D:\dev\_draft\CANopen\lpc_chip_177x_8x\Debug\liblpc_chip_177x_8x.a(clock_17xx_40xx.o)
                0x000035c0                Chip_Clock_GetCPUClockSource
 .text.Chip_Clock_SetCPUClockDiv
                0x000035f0       0x30 D:\dev\_draft\CANopen\lpc_chip_177x_8x\Debug\liblpc_chip_177x_8x.a(clock_17xx_40xx.o)
                0x000035f0                Chip_Clock_SetCPUClockDiv
 .text.Chip_Clock_GetCPUClockDiv
                0x00003620       0x1c D:\dev\_draft\CANopen\lpc_chip_177x_8x\Debug\liblpc_chip_177x_8x.a(clock_17xx_40xx.o)
                0x00003620                Chip_Clock_GetCPUClockDiv
 .text.Chip_Clock_GetSYSCLKRate
                0x0000363c       0x2c D:\dev\_draft\CANopen\lpc_chip_177x_8x\Debug\liblpc_chip_177x_8x.a(clock_17xx_40xx.o)
                0x0000363c                Chip_Clock_GetSYSCLKRate
 .text.Chip_Clock_GetMainPLLOutClockRate
                0x00003668       0x40 D:\dev\_draft\CANopen\lpc_chip_177x_8x\Debug\liblpc_chip_177x_8x.a(clock_17xx_40xx.o)
                0x00003668                Chip_Clock_GetMainPLLOutClockRate
 .text.Chip_Clock_GetMainClockRate
                0x000036a8       0x28 D:\dev\_draft\CANopen\lpc_chip_177x_8x\Debug\liblpc_chip_177x_8x.a(clock_17xx_40xx.o)
                0x000036a8                Chip_Clock_GetMainClockRate
 .text.Chip_Clock_GetSystemClockRate
                0x000036d0       0x18 D:\dev\_draft\CANopen\lpc_chip_177x_8x\Debug\liblpc_chip_177x_8x.a(clock_17xx_40xx.o)
                0x000036d0                Chip_Clock_GetSystemClockRate
 .text.Chip_Clock_SetSPIFIClockSource
                0x000036e8       0x34 D:\dev\_draft\CANopen\lpc_chip_177x_8x\Debug\liblpc_chip_177x_8x.a(clock_17xx_40xx.o)
                0x000036e8                Chip_Clock_SetSPIFIClockSource
 .text.Chip_Clock_SetSPIFIClockDiv
                0x0000371c       0x30 D:\dev\_draft\CANopen\lpc_chip_177x_8x\Debug\liblpc_chip_177x_8x.a(clock_17xx_40xx.o)
                0x0000371c                Chip_Clock_SetSPIFIClockDiv
 .text.Chip_Clock_GetPeripheralClockRate
                0x0000374c       0x30 D:\dev\_draft\CANopen\lpc_chip_177x_8x\Debug\liblpc_chip_177x_8x.a(clock_17xx_40xx.o)
                0x0000374c                Chip_Clock_GetPeripheralClockRate
 .text.Chip_Clock_GetEMCClockDiv
                0x0000377c       0x1c D:\dev\_draft\CANopen\lpc_chip_177x_8x\Debug\liblpc_chip_177x_8x.a(emc_17xx_40xx.o)
 .text.Chip_Clock_GetEMCClockRate
                0x00003798       0x18 D:\dev\_draft\CANopen\lpc_chip_177x_8x\Debug\liblpc_chip_177x_8x.a(emc_17xx_40xx.o)
 .text.convertTimmingParam
                0x000037b0       0x6c D:\dev\_draft\CANopen\lpc_chip_177x_8x\Debug\liblpc_chip_177x_8x.a(emc_17xx_40xx.o)
 .text.getColsLen
                0x0000381c       0x50 D:\dev\_draft\CANopen\lpc_chip_177x_8x\Debug\liblpc_chip_177x_8x.a(emc_17xx_40xx.o)
 .text.initDynMem
                0x0000386c      0x28c D:\dev\_draft\CANopen\lpc_chip_177x_8x\Debug\liblpc_chip_177x_8x.a(emc_17xx_40xx.o)
                0x0000386c                initDynMem
 .text.initStaticMem
                0x00003af8       0xb0 D:\dev\_draft\CANopen\lpc_chip_177x_8x\Debug\liblpc_chip_177x_8x.a(emc_17xx_40xx.o)
                0x00003af8                initStaticMem
 .text.Chip_EMC_Dynamic_Init
                0x00003ba8       0x24 D:\dev\_draft\CANopen\lpc_chip_177x_8x\Debug\liblpc_chip_177x_8x.a(emc_17xx_40xx.o)
                0x00003ba8                Chip_EMC_Dynamic_Init
 .text.Chip_EMC_Static_Init
                0x00003bcc       0x24 D:\dev\_draft\CANopen\lpc_chip_177x_8x\Debug\liblpc_chip_177x_8x.a(emc_17xx_40xx.o)
                0x00003bcc                Chip_EMC_Static_Init
 .text.Chip_EMC_Init
                0x00003bf0       0x4c D:\dev\_draft\CANopen\lpc_chip_177x_8x\Debug\liblpc_chip_177x_8x.a(emc_17xx_40xx.o)
                0x00003bf0                Chip_EMC_Init
 .text.Chip_IOCON_PinMuxSet
                0x00003c3c       0x2c D:\dev\_draft\CANopen\lpc_chip_177x_8x\Debug\liblpc_chip_177x_8x.a(iocon_17xx_40xx.o)
 .text.Chip_IOCON_SetPinMuxing
                0x00003c68       0x60 D:\dev\_draft\CANopen\lpc_chip_177x_8x\Debug\liblpc_chip_177x_8x.a(iocon_17xx_40xx.o)
                0x00003c68                Chip_IOCON_SetPinMuxing
 .text.Chip_SYSCTL_PeriphReset
                0x00003cc8       0x64 D:\dev\_draft\CANopen\lpc_chip_177x_8x\Debug\liblpc_chip_177x_8x.a(sysctl_17xx_40xx.o)
                0x00003cc8                Chip_SYSCTL_PeriphReset
 .text.Chip_Clock_IsMainPLLEnabled
                0x00003d2c       0x28 D:\dev\_draft\CANopen\lpc_chip_177x_8x\Debug\liblpc_chip_177x_8x.a(sysinit_17xx_40xx.o)
 .text.Chip_Clock_IsMainPLLLocked
                0x00003d54       0x28 D:\dev\_draft\CANopen\lpc_chip_177x_8x\Debug\liblpc_chip_177x_8x.a(sysinit_17xx_40xx.o)
 .text.Chip_Clock_EnableCrystal
                0x00003d7c       0x20 D:\dev\_draft\CANopen\lpc_chip_177x_8x\Debug\liblpc_chip_177x_8x.a(sysinit_17xx_40xx.o)
 .text.Chip_Clock_IsCrystalEnabled
                0x00003d9c       0x28 D:\dev\_draft\CANopen\lpc_chip_177x_8x\Debug\liblpc_chip_177x_8x.a(sysinit_17xx_40xx.o)
 .text.Chip_Clock_SetMainPLLSource
                0x00003dc4       0x20 D:\dev\_draft\CANopen\lpc_chip_177x_8x\Debug\liblpc_chip_177x_8x.a(sysinit_17xx_40xx.o)
 .text.Chip_Clock_SetPCLKDiv
                0x00003de4       0x20 D:\dev\_draft\CANopen\lpc_chip_177x_8x\Debug\liblpc_chip_177x_8x.a(sysinit_17xx_40xx.o)
 .text.Chip_SetupXtalClocking
                0x00003e04       0x80 D:\dev\_draft\CANopen\lpc_chip_177x_8x\Debug\liblpc_chip_177x_8x.a(sysinit_17xx_40xx.o)
                0x00003e04                Chip_SetupXtalClocking
 .text.Chip_UART_SetupFIFOS
                0x00003e84       0x1c D:\dev\_draft\CANopen\lpc_chip_177x_8x\Debug\liblpc_chip_177x_8x.a(uart_17xx_40xx.o)
 .text.Chip_UART_ConfigData
                0x00003ea0       0x1c D:\dev\_draft\CANopen\lpc_chip_177x_8x\Debug\liblpc_chip_177x_8x.a(uart_17xx_40xx.o)
 .text.Chip_UART_EnableDivisorAccess
                0x00003ebc       0x20 D:\dev\_draft\CANopen\lpc_chip_177x_8x\Debug\liblpc_chip_177x_8x.a(uart_17xx_40xx.o)
 .text.Chip_UART_DisableDivisorAccess
                0x00003edc       0x20 D:\dev\_draft\CANopen\lpc_chip_177x_8x\Debug\liblpc_chip_177x_8x.a(uart_17xx_40xx.o)
 .text.Chip_UART_SetDivisorLatches
                0x00003efc       0x28 D:\dev\_draft\CANopen\lpc_chip_177x_8x\Debug\liblpc_chip_177x_8x.a(uart_17xx_40xx.o)
 .text.Chip_UART_GetClockIndex
                0x00003f24       0x64 D:\dev\_draft\CANopen\lpc_chip_177x_8x\Debug\liblpc_chip_177x_8x.a(uart_17xx_40xx.o)
 .text.Chip_UART_Init
                0x00003f88       0x74 D:\dev\_draft\CANopen\lpc_chip_177x_8x\Debug\liblpc_chip_177x_8x.a(uart_17xx_40xx.o)
                0x00003f88                Chip_UART_Init
 .text.Chip_UART_TXEnable
                0x00003ffc       0x2c D:\dev\_draft\CANopen\lpc_chip_177x_8x\Debug\liblpc_chip_177x_8x.a(uart_17xx_40xx.o)
                0x00003ffc                Chip_UART_TXEnable
 .text.Chip_UART_TXDisable
                0x00004028       0x2c D:\dev\_draft\CANopen\lpc_chip_177x_8x\Debug\liblpc_chip_177x_8x.a(uart_17xx_40xx.o)
                0x00004028                Chip_UART_TXDisable
 .text.Chip_UART_SetBaud
                0x00004054       0x5c D:\dev\_draft\CANopen\lpc_chip_177x_8x\Debug\liblpc_chip_177x_8x.a(uart_17xx_40xx.o)
                0x00004054                Chip_UART_SetBaud
 .text.__main   0x000040b0       0x14 c:/nxp/lpcxpresso_8.0.0_526/lpcxpresso/tools/bin/../lib/gcc/arm-none-eabi/4.9.3/../../../../arm-none-eabi/lib/armv7-m\libcr_nohost.a(_cr__main.o)
                0x000040b0                __main
 .text.fp_round
                0x000040c4       0x4a c:/nxp/lpcxpresso_8.0.0_526/lpcxpresso/tools/bin/../lib/gcc/arm-none-eabi/4.9.3/../../../../arm-none-eabi/lib/armv7-m\libcr_c.a(fpprintf.o)
 .text.pr_dec.constprop.1
                0x0000410e       0x26 c:/nxp/lpcxpresso_8.0.0_526/lpcxpresso/tools/bin/../lib/gcc/arm-none-eabi/4.9.3/../../../../arm-none-eabi/lib/armv7-m\libcr_c.a(fpprintf.o)
 .text.sprintf  0x00004134       0x6c c:/nxp/lpcxpresso_8.0.0_526/lpcxpresso/tools/bin/../lib/gcc/arm-none-eabi/4.9.3/../../../../arm-none-eabi/lib/armv7-m\libcr_c.a(fpprintf.o)
                0x00004134                sprintf
 .text.fp_display
                0x000041a0      0x900 c:/nxp/lpcxpresso_8.0.0_526/lpcxpresso/tools/bin/../lib/gcc/arm-none-eabi/4.9.3/../../../../arm-none-eabi/lib/armv7-m\libcr_c.a(fpprintf.o)
 .text.vsnprintf
                0x00004aa0       0x5c c:/nxp/lpcxpresso_8.0.0_526/lpcxpresso/tools/bin/../lib/gcc/arm-none-eabi/4.9.3/../../../../arm-none-eabi/lib/armv7-m\libcr_c.a(fpprintf.o)
                0x00004aa0                vsnprintf
 .text.printf   0x00004afc       0x54 c:/nxp/lpcxpresso_8.0.0_526/lpcxpresso/tools/bin/../lib/gcc/arm-none-eabi/4.9.3/../../../../arm-none-eabi/lib/armv7-m\libcr_c.a(fpprintf.o)
                0x00004afc                printf
 .text._initio  0x00004b50       0xa4 c:/nxp/lpcxpresso_8.0.0_526/lpcxpresso/tools/bin/../lib/gcc/arm-none-eabi/4.9.3/../../../../arm-none-eabi/lib/armv7-m\libcr_c.a(initio.o)
                0x00004b50                _initio
 .text.__vfprintf
                0x00004bf4      0xcc0 c:/nxp/lpcxpresso_8.0.0_526/lpcxpresso/tools/bin/../lib/gcc/arm-none-eabi/4.9.3/../../../../arm-none-eabi/lib/armv7-m\libcr_c.a(printf.o)
                0x00004bf4                __vfprintf
 .text.setvbuf  0x000058b4       0x40 c:/nxp/lpcxpresso_8.0.0_526/lpcxpresso/tools/bin/../lib/gcc/arm-none-eabi/4.9.3/../../../../arm-none-eabi/lib/armv7-m\libcr_c.a(setvbuf.o)
                0x000058b4                setvbuf
 .text.strlen   0x000058f4       0x4a c:/nxp/lpcxpresso_8.0.0_526/lpcxpresso/tools/bin/../lib/gcc/arm-none-eabi/4.9.3/../../../../arm-none-eabi/lib/armv7-m\libcr_c.a(strlen.o)
                0x000058f4                strlen
 .text.memset   0x0000593e        0x4 c:/nxp/lpcxpresso_8.0.0_526/lpcxpresso/tools/bin/../lib/gcc/arm-none-eabi/4.9.3/../../../../arm-none-eabi/lib/armv7-m\libcr_c.a(memset.o)
                0x0000593e                memset
 .text._deferredlazyseek
                0x00005942       0x44 c:/nxp/lpcxpresso_8.0.0_526/lpcxpresso/tools/bin/../lib/gcc/arm-none-eabi/4.9.3/../../../../arm-none-eabi/lib/armv7-m\libcr_c.a(_deferredlazyseek.o)
                0x00005942                _deferredlazyseek
 .text.__flsbuf
                0x00005986      0x142 c:/nxp/lpcxpresso_8.0.0_526/lpcxpresso/tools/bin/../lib/gcc/arm-none-eabi/4.9.3/../../../../arm-none-eabi/lib/armv7-m\libcr_c.a(_deferredlazyseek.o)
                0x00005986                __flsbuf
 .text._fdopen  0x00005ac8       0x6a c:/nxp/lpcxpresso_8.0.0_526/lpcxpresso/tools/bin/../lib/gcc/arm-none-eabi/4.9.3/../../../../arm-none-eabi/lib/armv7-m\libcr_c.a(_fdopen.o)
                0x00005ac8                _fdopen
 .text._fflush  0x00005b32       0x58 c:/nxp/lpcxpresso_8.0.0_526/lpcxpresso/tools/bin/../lib/gcc/arm-none-eabi/4.9.3/../../../../arm-none-eabi/lib/armv7-m\libcr_c.a(_fflush.o)
                0x00005b32                _fflush
 .text._frexpl  0x00005b8a       0x5a c:/nxp/lpcxpresso_8.0.0_526/lpcxpresso/tools/bin/../lib/gcc/arm-none-eabi/4.9.3/../../../../arm-none-eabi/lib/armv7-m\libcr_c.a(_frexpl.o)
                0x00005b8a                _frexpl
 .text._ldexpl  0x00005be4       0x4c c:/nxp/lpcxpresso_8.0.0_526/lpcxpresso/tools/bin/../lib/gcc/arm-none-eabi/4.9.3/../../../../arm-none-eabi/lib/armv7-m\libcr_c.a(_ldexpl.o)
                0x00005be4                _ldexpl
 .text._Cwritebuf
                0x00005c30       0x68 c:/nxp/lpcxpresso_8.0.0_526/lpcxpresso/tools/bin/../lib/gcc/arm-none-eabi/4.9.3/../../../../arm-none-eabi/lib/armv7-m\libcr_c.a(_writebuf.o)
                0x00005c30                _Cwritebuf
 .text.malloc   0x00005c98       0xcc c:/nxp/lpcxpresso_8.0.0_526/lpcxpresso/tools/bin/../lib/gcc/arm-none-eabi/4.9.3/../../../../arm-none-eabi/lib/armv7-m\libcr_c.a(alloc.o)
                0x00005c98                malloc
 .text.free     0x00005d64       0x30 c:/nxp/lpcxpresso_8.0.0_526/lpcxpresso/tools/bin/../lib/gcc/arm-none-eabi/4.9.3/../../../../arm-none-eabi/lib/armv7-m\libcr_c.a(alloc.o)
                0x00005d64                free
 .text._Csys_alloc
                0x00005d94       0x20 c:/nxp/lpcxpresso_8.0.0_526/lpcxpresso/tools/bin/../lib/gcc/arm-none-eabi/4.9.3/../../../../arm-none-eabi/lib/armv7-m\libcr_c.a(alloc.o)
                0x00005d94                _Csys_alloc
 .text.fclose   0x00005db4       0x6c c:/nxp/lpcxpresso_8.0.0_526/lpcxpresso/tools/bin/../lib/gcc/arm-none-eabi/4.9.3/../../../../arm-none-eabi/lib/armv7-m\libcr_c.a(fclose.o)
                0x00005db4                fclose
 .text.fflush   0x00005e20       0x30 c:/nxp/lpcxpresso_8.0.0_526/lpcxpresso/tools/bin/../lib/gcc/arm-none-eabi/4.9.3/../../../../arm-none-eabi/lib/armv7-m\libcr_c.a(fflush.o)
                0x00005e20                fflush
 .text.fseek    0x00005e50      0x110 c:/nxp/lpcxpresso_8.0.0_526/lpcxpresso/tools/bin/../lib/gcc/arm-none-eabi/4.9.3/../../../../arm-none-eabi/lib/armv7-m\libcr_c.a(fseek.o)
                0x00005e50                fseek
 .text.ftell    0x00005f60       0x4c c:/nxp/lpcxpresso_8.0.0_526/lpcxpresso/tools/bin/../lib/gcc/arm-none-eabi/4.9.3/../../../../arm-none-eabi/lib/armv7-m\libcr_c.a(ftell.o)
                0x00005f60                ftell
 .text.remove   0x00005fac       0x14 c:/nxp/lpcxpresso_8.0.0_526/lpcxpresso/tools/bin/../lib/gcc/arm-none-eabi/4.9.3/../../../../arm-none-eabi/lib/armv7-m\libcr_c.a(remove.o)
                0x00005fac                remove
 .text._sbrk    0x00005fc0       0x40 c:/nxp/lpcxpresso_8.0.0_526/lpcxpresso/tools/bin/../lib/gcc/arm-none-eabi/4.9.3/../../../../arm-none-eabi/lib/armv7-m\libcr_c.a(_cr_sbrk.o)
                0x00005fc0                _sbrk
 .text._do_fflush
                0x00006000       0x44 c:/nxp/lpcxpresso_8.0.0_526/lpcxpresso/tools/bin/../lib/gcc/arm-none-eabi/4.9.3/../../../../arm-none-eabi/lib/armv7-m\libcr_c.a(_do_fflush.o)
                0x00006000                _do_fflush
 .text.__check_heap_overflow
                0x00006044       0x18 c:/nxp/lpcxpresso_8.0.0_526/lpcxpresso/tools/bin/../lib/gcc/arm-none-eabi/4.9.3/../../../../arm-none-eabi/lib/armv7-m\libcr_c.a(_cr_check_heap.o)
                0x00006044                __check_heap_overflow
 .text.__aeabi_dmul
                0x0000605c      0x120 c:/nxp/lpcxpresso_8.0.0_526/lpcxpresso/tools/bin/../lib/gcc/arm-none-eabi/4.9.3/armv7-m\libcr_eabihelpers.a(double.o)
                0x0000605c                __aeabi_dmul
 .text.__aeabi_ddiv
                0x0000617c      0x150 c:/nxp/lpcxpresso_8.0.0_526/lpcxpresso/tools/bin/../lib/gcc/arm-none-eabi/4.9.3/armv7-m\libcr_eabihelpers.a(double.o)
                0x0000617c                __aeabi_ddiv
 .text.__aeabi_dsub
                0x000062cc      0x1d8 c:/nxp/lpcxpresso_8.0.0_526/lpcxpresso/tools/bin/../lib/gcc/arm-none-eabi/4.9.3/armv7-m\libcr_eabihelpers.a(double.o)
                0x000062cc                __aeabi_dsub
 .text.__aeabi_dadd
                0x000064a4      0x134 c:/nxp/lpcxpresso_8.0.0_526/lpcxpresso/tools/bin/../lib/gcc/arm-none-eabi/4.9.3/armv7-m\libcr_eabihelpers.a(double.o)
                0x000064a4                __aeabi_dadd
 .text.__aeabi_d2iz
                0x000065d8       0x40 c:/nxp/lpcxpresso_8.0.0_526/lpcxpresso/tools/bin/../lib/gcc/arm-none-eabi/4.9.3/armv7-m\libcr_eabihelpers.a(double.o)
                0x000065d8                __aeabi_d2iz
 .text.__bhs_ui2d
                0x00006618       0x48 c:/nxp/lpcxpresso_8.0.0_526/lpcxpresso/tools/bin/../lib/gcc/arm-none-eabi/4.9.3/armv7-m\libcr_eabihelpers.a(double.o)
                0x00006618                __bhs_ui2d
 .text.__aeabi_i2d
                0x00006660       0x14 c:/nxp/lpcxpresso_8.0.0_526/lpcxpresso/tools/bin/../lib/gcc/arm-none-eabi/4.9.3/armv7-m\libcr_eabihelpers.a(double.o)
                0x00006660                __aeabi_i2d
 .text.__aeabi_dcmpeq
                0x00006674       0x2c c:/nxp/lpcxpresso_8.0.0_526/lpcxpresso/tools/bin/../lib/gcc/arm-none-eabi/4.9.3/armv7-m\libcr_eabihelpers.a(double.o)
                0x00006674                __aeabi_dcmpeq
 .text.__aeabi_dcmplt
                0x000066a0       0x5c c:/nxp/lpcxpresso_8.0.0_526/lpcxpresso/tools/bin/../lib/gcc/arm-none-eabi/4.9.3/armv7-m\libcr_eabihelpers.a(double.o)
                0x000066a0                __aeabi_dcmplt
 .text.__aeabi_dcmple
                0x000066fc       0x5c c:/nxp/lpcxpresso_8.0.0_526/lpcxpresso/tools/bin/../lib/gcc/arm-none-eabi/4.9.3/armv7-m\libcr_eabihelpers.a(double.o)
                0x000066fc                __aeabi_dcmple
 .text.__aeabi_dcmpge
                0x00006758       0x5c c:/nxp/lpcxpresso_8.0.0_526/lpcxpresso/tools/bin/../lib/gcc/arm-none-eabi/4.9.3/armv7-m\libcr_eabihelpers.a(double.o)
                0x00006758                __aeabi_dcmpge
 .text.__aeabi_memset_lowlevel
                0x000067b4       0x32 c:/nxp/lpcxpresso_8.0.0_526/lpcxpresso/tools/bin/../lib/gcc/arm-none-eabi/4.9.3/armv7-m\libcr_eabihelpers.a(memcpy.o)
                0x000067b4                __aeabi_lowlevel_memset
 .text.__sys_appexit
                0x000067e6        0x2 c:/nxp/lpcxpresso_8.0.0_526/lpcxpresso/tools/bin/../lib/gcc/arm-none-eabi/4.9.3/../../../../arm-none-eabi/lib/armv7-m\libcr_nohost.a(__sys_appexit.o)
                0x000067e6                __sys_appexit
                0x000067e6                __exit
 .text.__sys_close
                0x000067e8        0x6 c:/nxp/lpcxpresso_8.0.0_526/lpcxpresso/tools/bin/../lib/gcc/arm-none-eabi/4.9.3/../../../../arm-none-eabi/lib/armv7-m\libcr_nohost.a(__sys_close.o)
                0x000067e8                __sys_close
 .text.__sys_flen
                0x000067ee        0x6 c:/nxp/lpcxpresso_8.0.0_526/lpcxpresso/tools/bin/../lib/gcc/arm-none-eabi/4.9.3/../../../../arm-none-eabi/lib/armv7-m\libcr_nohost.a(__sys_flen.o)
                0x000067ee                __sys_flen
 .text.__sys_istty
                0x000067f4        0x6 c:/nxp/lpcxpresso_8.0.0_526/lpcxpresso/tools/bin/../lib/gcc/arm-none-eabi/4.9.3/../../../../arm-none-eabi/lib/armv7-m\libcr_nohost.a(__sys_istty.o)
                0x000067f4                __sys_istty
 .text.__sys_remove
                0x000067fa        0x6 c:/nxp/lpcxpresso_8.0.0_526/lpcxpresso/tools/bin/../lib/gcc/arm-none-eabi/4.9.3/../../../../arm-none-eabi/lib/armv7-m\libcr_nohost.a(__sys_remove.o)
                0x000067fa                __sys_remove
 .text.__sys_seek
                0x00006800        0x6 c:/nxp/lpcxpresso_8.0.0_526/lpcxpresso/tools/bin/../lib/gcc/arm-none-eabi/4.9.3/../../../../arm-none-eabi/lib/armv7-m\libcr_nohost.a(__sys_seek.o)
                0x00006800                __sys_seek
 .text.__sys_tmpnam
                0x00006806        0x6 c:/nxp/lpcxpresso_8.0.0_526/lpcxpresso/tools/bin/../lib/gcc/arm-none-eabi/4.9.3/../../../../arm-none-eabi/lib/armv7-m\libcr_nohost.a(__sys_tmpnam.o)
                0x00006806                __sys_tmpnam
 *(.rodata .rodata.* .constdata .constdata.*)
 .rodata        0x0000680c      0x396 ./example/src/can.o
 *fill*         0x00006ba2        0x2 
 .rodata.OscRateIn
                0x00006ba4        0x4 D:\dev\_draft\CANopen\lpc_board_ea_devkit_1788\Debug\liblpc_board_ea_devkit_1788.a(board.o)
                0x00006ba4                OscRateIn
 .rodata.ledports
                0x00006ba8        0x2 D:\dev\_draft\CANopen\lpc_board_ea_devkit_1788\Debug\liblpc_board_ea_devkit_1788.a(board.o)
 *fill*         0x00006baa        0x2 
 .rodata.ledpins
                0x00006bac        0x2 D:\dev\_draft\CANopen\lpc_board_ea_devkit_1788\Debug\liblpc_board_ea_devkit_1788.a(board.o)
 *fill*         0x00006bae        0x2 
 .rodata.pinmuxing
                0x00006bb0       0x9c D:\dev\_draft\CANopen\lpc_board_ea_devkit_1788\Debug\liblpc_board_ea_devkit_1788.a(board_sysinit.o)
 .rodata.IS42S32800D_config
                0x00006c4c       0x74 D:\dev\_draft\CANopen\lpc_board_ea_devkit_1788\Debug\liblpc_board_ea_devkit_1788.a(board_sysinit.o)
 .rodata.SST39VF320_config
                0x00006cc0       0x20 D:\dev\_draft\CANopen\lpc_board_ea_devkit_1788\Debug\liblpc_board_ea_devkit_1788.a(board_sysinit.o)
 .rodata.K9F1G_config
                0x00006ce0       0x20 D:\dev\_draft\CANopen\lpc_board_ea_devkit_1788\Debug\liblpc_board_ea_devkit_1788.a(board_sysinit.o)
 .rodata.str1.1
                0x00006d00       0x34 c:/nxp/lpcxpresso_8.0.0_526/lpcxpresso/tools/bin/../lib/gcc/arm-none-eabi/4.9.3/../../../../arm-none-eabi/lib/armv7-m\libcr_c.a(fpprintf.o)
                                 0x35 (size before relaxing)
 .rodata.str1.1
                0x00006d34        0x4 c:/nxp/lpcxpresso_8.0.0_526/lpcxpresso/tools/bin/../lib/gcc/arm-none-eabi/4.9.3/../../../../arm-none-eabi/lib/armv7-m\libcr_c.a(initio.o)
 .rodata.str1.1
                0x00006d38       0x31 c:/nxp/lpcxpresso_8.0.0_526/lpcxpresso/tools/bin/../lib/gcc/arm-none-eabi/4.9.3/../../../../arm-none-eabi/lib/armv7-m\libcr_c.a(printf.o)
                                 0x38 (size before relaxing)
 .rodata.str1.1
                0x00006d69       0x18 c:/nxp/lpcxpresso_8.0.0_526/lpcxpresso/tools/bin/../lib/gcc/arm-none-eabi/4.9.3/../../../../arm-none-eabi/lib/armv7-m\libcr_c.a(alloc.o)
 *fill*         0x00006d81        0x7 
 .rodata.__huge_vall
                0x00006d88        0x8 c:/nxp/lpcxpresso_8.0.0_526/lpcxpresso/tools/bin/../lib/gcc/arm-none-eabi/4.9.3/../../../../arm-none-eabi/lib/armv7-m\libcr_c.a(_hugeval.o)
                0x00006d88                __huge_vall
                0x00006d90                . = ALIGN (0x4)

.glue_7         0x00006d90        0x0
 .glue_7        0x00000000        0x0 linker stubs

.glue_7t        0x00006d90        0x0
 .glue_7t       0x00000000        0x0 linker stubs

.vfp11_veneer   0x00006d90        0x0
 .vfp11_veneer  0x00000000        0x0 linker stubs

.v4_bx          0x00006d90        0x0
 .v4_bx         0x00000000        0x0 linker stubs

.iplt           0x00006d90        0x0
 .iplt          0x00000000        0x0 ./example/src/can.o

.rel.dyn        0x00006d90        0x0
 .rel.iplt      0x00000000        0x0 ./example/src/can.o

.ARM.extab
 *(.ARM.extab* .gnu.linkonce.armextab.*)
                0x00006d90                __exidx_start = .

.ARM.exidx
 *(.ARM.exidx* .gnu.linkonce.armexidx.*)
                0x00006d90                __exidx_end = .
                0x00006d90                _etext = .

.data_RAM2      0x20000000        0x0 load address 0x00006d90
 FILL mask 0xff
                0x20000000                PROVIDE (__start_data_RAM2, .)
 *(.ramfunc.$RAM2)
 *(.ramfunc.$RamPeriph32)
 *(.data.$RAM2*)
 *(.data.$RamPeriph32*)
                0x20000000                . = ALIGN (0x4)
                0x20000000                PROVIDE (__end_data_RAM2, .)

.uninit_RESERVED
                0x10000000        0x0
 *(.bss.$RESERVED*)
                0x10000000                . = ALIGN (0x4)
                0x10000000                _end_uninit_RESERVED = .

.data           0x10000000      0x134 load address 0x00006d90
 FILL mask 0xff
                0x10000000                _data = .
 *(vtable)
 *(.ramfunc*)
 *(.data*)
 .data.WelcomeMenu
                0x10000000       0x7e ./example/src/can.o
 *fill*         0x1000007e        0x2 
 .data.FullCANSection
                0x10000080       0x10 ./example/src/can.o
                0x10000080                FullCANSection
 .data.SFFSection
                0x10000090       0x14 ./example/src/can.o
                0x10000090                SFFSection
 .data.SffGrpSection
                0x100000a4       0x18 ./example/src/can.o
                0x100000a4                SffGrpSection
 .data.EFFSection
                0x100000bc       0x20 ./example/src/can.o
                0x100000bc                EFFSection
 .data.EffGrpSection
                0x100000dc       0x30 ./example/src/can.o
                0x100000dc                EffGrpSection
 .data.AFSections
                0x1000010c       0x28 ./example/src/can.o
                0x1000010c                AFSections
                0x10000134                . = ALIGN (0x4)
                0x10000134                _edata = .

.igot.plt       0x10000134        0x0 load address 0x00006ec4
 .igot.plt      0x00000000        0x0 ./example/src/can.o

.bss_RAM2       0x20000000        0x0
                0x20000000                PROVIDE (__start_bss_RAM2, .)
 *(.bss.$RAM2*)
 *(.bss.$RamPeriph32*)
                0x20000000                . = ALIGN ((. != 0x0)?0x4:0x1)
                0x20000000                PROVIDE (__end_bss_RAM2, .)

.bss            0x10000134      0x154
                0x10000134                _bss = .
 *(.bss*)
 .bss.errno     0x10000134        0x4 c:/nxp/lpcxpresso_8.0.0_526/lpcxpresso/tools/bin/../lib/gcc/arm-none-eabi/4.9.3/../../../../arm-none-eabi/lib/armv7-m\libcr_c.a(errno.o)
                0x10000134                errno
 *(COMMON)
 COMMON         0x10000138        0x4 D:\dev\_draft\CANopen\lpc_chip_177x_8x\Debug\liblpc_chip_177x_8x.a(chip_17xx_40xx.o)
                0x10000138                SystemCoreClock
 COMMON         0x1000013c        0x4 c:/nxp/lpcxpresso_8.0.0_526/lpcxpresso/tools/bin/../lib/gcc/arm-none-eabi/4.9.3/../../../../arm-none-eabi/lib/armv7-m\libcr_c.a(initio.o)
                0x1000013c                _extra
 COMMON         0x10000140      0x140 c:/nxp/lpcxpresso_8.0.0_526/lpcxpresso/tools/bin/../lib/gcc/arm-none-eabi/4.9.3/../../../../arm-none-eabi/lib/armv7-m\libcr_c.a(stdio.o)
                0x10000140                __Ciob
 COMMON         0x10000280        0x8 c:/nxp/lpcxpresso_8.0.0_526/lpcxpresso/tools/bin/../lib/gcc/arm-none-eabi/4.9.3/../../../../arm-none-eabi/lib/armv7-m\libcr_c.a(__init_alloc.o)
                0x10000280                __heaps
                0x10000284                __end_of_heap
                0x10000288                . = ALIGN (0x4)
                0x10000288                _ebss = .
                0x10000288                PROVIDE (end, .)

.noinit_RAM2    0x20000000        0x0
 *(.noinit.$RAM2*)
 *(.noinit.$RamPeriph32*)
                0x20000000                . = ALIGN (0x4)

.noinit         0x10000288        0x0
                0x10000288                _noinit = .
 *(.noinit*)
                0x10000288                . = ALIGN (0x4)
                0x10000288                _end_noinit = .
                0x10000288                PROVIDE (_pvHeapStart, DEFINED (__user_heap_base)?__user_heap_base:.)
                0x10010000                PROVIDE (_vStackTop, DEFINED (__user_stack_top)?__user_stack_top:(__top_RamLoc64 - 0x0))
                0xeffef422                PROVIDE (__valid_user_code_checksum, (0x0 - ((((((_vStackTop + (ResetISR + 0x1)) + (NMI_Handler + 0x1)) + (HardFault_Handler + 0x1)) + (DEFINED (MemManage_Handler)?MemManage_Handler:0x0 + 0x1)) + (DEFINED (BusFault_Handler)?BusFault_Handler:0x0 + 0x1)) + (DEFINED (UsageFault_Handler)?UsageFault_Handler:0x0 + 0x1))))
OUTPUT(periph_can.axf elf32-littlearm)

.debug_info     0x00000000     0x8b61
 .debug_info    0x00000000      0xc8f ./example/src/can.o
 .debug_info    0x00000c8f      0x24e ./example/src/cr_startup_lpc177x_8x.o
 .debug_info    0x00000edd      0x110 ./example/src/sysinit.o
 .debug_info    0x00000fed     0x1bb6 D:\dev\_draft\CANopen\lpc_board_ea_devkit_1788\Debug\liblpc_board_ea_devkit_1788.a(board.o)
 .debug_info    0x00002ba3      0x9f1 D:\dev\_draft\CANopen\lpc_board_ea_devkit_1788\Debug\liblpc_board_ea_devkit_1788.a(board_sysinit.o)
 .debug_info    0x00003594     0x1e94 D:\dev\_draft\CANopen\lpc_chip_177x_8x\Debug\liblpc_chip_177x_8x.a(can_17xx_40xx.o)
 .debug_info    0x00005428      0x5dc D:\dev\_draft\CANopen\lpc_chip_177x_8x\Debug\liblpc_chip_177x_8x.a(chip_17xx_40xx.o)
 .debug_info    0x00005a04      0xb67 D:\dev\_draft\CANopen\lpc_chip_177x_8x\Debug\liblpc_chip_177x_8x.a(clock_17xx_40xx.o)
 .debug_info    0x0000656b      0xc45 D:\dev\_draft\CANopen\lpc_chip_177x_8x\Debug\liblpc_chip_177x_8x.a(emc_17xx_40xx.o)
 .debug_info    0x000071b0      0x1f9 D:\dev\_draft\CANopen\lpc_chip_177x_8x\Debug\liblpc_chip_177x_8x.a(iocon_17xx_40xx.o)
 .debug_info    0x000073a9      0x50c D:\dev\_draft\CANopen\lpc_chip_177x_8x\Debug\liblpc_chip_177x_8x.a(sysctl_17xx_40xx.o)
 .debug_info    0x000078b5      0x4de D:\dev\_draft\CANopen\lpc_chip_177x_8x\Debug\liblpc_chip_177x_8x.a(sysinit_17xx_40xx.o)
 .debug_info    0x00007d93      0xdce D:\dev\_draft\CANopen\lpc_chip_177x_8x\Debug\liblpc_chip_177x_8x.a(uart_17xx_40xx.o)

.debug_abbrev   0x00000000     0x1908
 .debug_abbrev  0x00000000      0x26e ./example/src/can.o
 .debug_abbrev  0x0000026e       0xf5 ./example/src/cr_startup_lpc177x_8x.o
 .debug_abbrev  0x00000363       0xa3 ./example/src/sysinit.o
 .debug_abbrev  0x00000406      0x338 D:\dev\_draft\CANopen\lpc_board_ea_devkit_1788\Debug\liblpc_board_ea_devkit_1788.a(board.o)
 .debug_abbrev  0x0000073e      0x22c D:\dev\_draft\CANopen\lpc_board_ea_devkit_1788\Debug\liblpc_board_ea_devkit_1788.a(board_sysinit.o)
 .debug_abbrev  0x0000096a      0x2ee D:\dev\_draft\CANopen\lpc_chip_177x_8x\Debug\liblpc_chip_177x_8x.a(can_17xx_40xx.o)
 .debug_abbrev  0x00000c58      0x158 D:\dev\_draft\CANopen\lpc_chip_177x_8x\Debug\liblpc_chip_177x_8x.a(chip_17xx_40xx.o)
 .debug_abbrev  0x00000db0      0x2ac D:\dev\_draft\CANopen\lpc_chip_177x_8x\Debug\liblpc_chip_177x_8x.a(clock_17xx_40xx.o)
 .debug_abbrev  0x0000105c      0x1fb D:\dev\_draft\CANopen\lpc_chip_177x_8x\Debug\liblpc_chip_177x_8x.a(emc_17xx_40xx.o)
 .debug_abbrev  0x00001257      0x122 D:\dev\_draft\CANopen\lpc_chip_177x_8x\Debug\liblpc_chip_177x_8x.a(iocon_17xx_40xx.o)
 .debug_abbrev  0x00001379      0x149 D:\dev\_draft\CANopen\lpc_chip_177x_8x\Debug\liblpc_chip_177x_8x.a(sysctl_17xx_40xx.o)
 .debug_abbrev  0x000014c2      0x171 D:\dev\_draft\CANopen\lpc_chip_177x_8x\Debug\liblpc_chip_177x_8x.a(sysinit_17xx_40xx.o)
 .debug_abbrev  0x00001633      0x2d5 D:\dev\_draft\CANopen\lpc_chip_177x_8x\Debug\liblpc_chip_177x_8x.a(uart_17xx_40xx.o)

.debug_aranges  0x00000000      0x900
 .debug_aranges
                0x00000000       0x88 ./example/src/can.o
 .debug_aranges
                0x00000088       0x80 ./example/src/cr_startup_lpc177x_8x.o
 .debug_aranges
                0x00000108       0x20 ./example/src/sysinit.o
 .debug_aranges
                0x00000128      0x1e8 D:\dev\_draft\CANopen\lpc_board_ea_devkit_1788\Debug\liblpc_board_ea_devkit_1788.a(board.o)
 .debug_aranges
                0x00000310       0x50 D:\dev\_draft\CANopen\lpc_board_ea_devkit_1788\Debug\liblpc_board_ea_devkit_1788.a(board_sysinit.o)
 .debug_aranges
                0x00000360      0x1e8 D:\dev\_draft\CANopen\lpc_chip_177x_8x\Debug\liblpc_chip_177x_8x.a(can_17xx_40xx.o)
 .debug_aranges
                0x00000548       0x30 D:\dev\_draft\CANopen\lpc_chip_177x_8x\Debug\liblpc_chip_177x_8x.a(chip_17xx_40xx.o)
 .debug_aranges
                0x00000578      0x138 D:\dev\_draft\CANopen\lpc_chip_177x_8x\Debug\liblpc_chip_177x_8x.a(clock_17xx_40xx.o)
 .debug_aranges
                0x000006b0       0x80 D:\dev\_draft\CANopen\lpc_chip_177x_8x\Debug\liblpc_chip_177x_8x.a(emc_17xx_40xx.o)
 .debug_aranges
                0x00000730       0x28 D:\dev\_draft\CANopen\lpc_chip_177x_8x\Debug\liblpc_chip_177x_8x.a(iocon_17xx_40xx.o)
 .debug_aranges
                0x00000758       0x28 D:\dev\_draft\CANopen\lpc_chip_177x_8x\Debug\liblpc_chip_177x_8x.a(sysctl_17xx_40xx.o)
 .debug_aranges
                0x00000780       0x60 D:\dev\_draft\CANopen\lpc_chip_177x_8x\Debug\liblpc_chip_177x_8x.a(sysinit_17xx_40xx.o)
 .debug_aranges
                0x000007e0      0x120 D:\dev\_draft\CANopen\lpc_chip_177x_8x\Debug\liblpc_chip_177x_8x.a(uart_17xx_40xx.o)

.debug_ranges   0x00000000      0x830
 .debug_ranges  0x00000000       0x78 ./example/src/can.o
 .debug_ranges  0x00000078       0x70 ./example/src/cr_startup_lpc177x_8x.o
 .debug_ranges  0x000000e8       0x10 ./example/src/sysinit.o
 .debug_ranges  0x000000f8      0x1d8 D:\dev\_draft\CANopen\lpc_board_ea_devkit_1788\Debug\liblpc_board_ea_devkit_1788.a(board.o)
 .debug_ranges  0x000002d0       0x40 D:\dev\_draft\CANopen\lpc_board_ea_devkit_1788\Debug\liblpc_board_ea_devkit_1788.a(board_sysinit.o)
 .debug_ranges  0x00000310      0x1d8 D:\dev\_draft\CANopen\lpc_chip_177x_8x\Debug\liblpc_chip_177x_8x.a(can_17xx_40xx.o)
 .debug_ranges  0x000004e8       0x20 D:\dev\_draft\CANopen\lpc_chip_177x_8x\Debug\liblpc_chip_177x_8x.a(chip_17xx_40xx.o)
 .debug_ranges  0x00000508      0x128 D:\dev\_draft\CANopen\lpc_chip_177x_8x\Debug\liblpc_chip_177x_8x.a(clock_17xx_40xx.o)
 .debug_ranges  0x00000630       0x70 D:\dev\_draft\CANopen\lpc_chip_177x_8x\Debug\liblpc_chip_177x_8x.a(emc_17xx_40xx.o)
 .debug_ranges  0x000006a0       0x18 D:\dev\_draft\CANopen\lpc_chip_177x_8x\Debug\liblpc_chip_177x_8x.a(iocon_17xx_40xx.o)
 .debug_ranges  0x000006b8       0x18 D:\dev\_draft\CANopen\lpc_chip_177x_8x\Debug\liblpc_chip_177x_8x.a(sysctl_17xx_40xx.o)
 .debug_ranges  0x000006d0       0x50 D:\dev\_draft\CANopen\lpc_chip_177x_8x\Debug\liblpc_chip_177x_8x.a(sysinit_17xx_40xx.o)
 .debug_ranges  0x00000720      0x110 D:\dev\_draft\CANopen\lpc_chip_177x_8x\Debug\liblpc_chip_177x_8x.a(uart_17xx_40xx.o)

.debug_macro    0x00000000     0x60b7
 .debug_macro   0x00000000      0x29d ./example/src/can.o
 .debug_macro   0x0000029d      0x874 ./example/src/can.o
 .debug_macro   0x00000b11       0x10 ./example/src/can.o
 .debug_macro   0x00000b21      0x12d ./example/src/can.o
 .debug_macro   0x00000c4e      0x5b2 ./example/src/can.o
 .debug_macro   0x00001200       0x22 ./example/src/can.o
 .debug_macro   0x00001222       0x7b ./example/src/can.o
 .debug_macro   0x0000129d       0x16 ./example/src/can.o
 .debug_macro   0x000012b3       0x2d ./example/src/can.o
 .debug_macro   0x000012e0       0x3a ./example/src/can.o
 .debug_macro   0x0000131a       0x2d ./example/src/can.o
 .debug_macro   0x00001347      0xbb1 ./example/src/can.o
 .debug_macro   0x00001ef8      0x288 ./example/src/can.o
 .debug_macro   0x00002180       0x50 ./example/src/can.o
 .debug_macro   0x000021d0       0x34 ./example/src/can.o
 .debug_macro   0x00002204      0x152 ./example/src/can.o
 .debug_macro   0x00002356       0x82 ./example/src/can.o
 .debug_macro   0x000023d8      0x48c ./example/src/can.o
 .debug_macro   0x00002864       0x6a ./example/src/can.o
 .debug_macro   0x000028ce       0x34 ./example/src/can.o
 .debug_macro   0x00002902       0x58 ./example/src/can.o
 .debug_macro   0x0000295a      0x236 ./example/src/can.o
 .debug_macro   0x00002b90      0x4c5 ./example/src/can.o
 .debug_macro   0x00003055      0x1da ./example/src/can.o
 .debug_macro   0x0000322f       0x10 ./example/src/can.o
 .debug_macro   0x0000323f      0x21b ./example/src/can.o
 .debug_macro   0x0000345a      0x1b9 ./example/src/can.o
 .debug_macro   0x00003613       0x2e ./example/src/can.o
 .debug_macro   0x00003641       0x40 ./example/src/can.o
 .debug_macro   0x00003681      0x209 ./example/src/can.o
 .debug_macro   0x0000388a      0x2b3 ./example/src/can.o
 .debug_macro   0x00003b3d      0x34c ./example/src/can.o
 .debug_macro   0x00003e89       0xb2 ./example/src/can.o
 .debug_macro   0x00003f3b       0xb8 ./example/src/can.o
 .debug_macro   0x00003ff3       0x4c ./example/src/can.o
 .debug_macro   0x0000403f       0x16 ./example/src/can.o
 .debug_macro   0x00004055      0x328 ./example/src/can.o
 .debug_macro   0x0000437d       0x3a ./example/src/can.o
 .debug_macro   0x000043b7       0x16 ./example/src/can.o
 .debug_macro   0x000043cd       0xca ./example/src/can.o
 .debug_macro   0x00004497       0x18 ./example/src/can.o
 .debug_macro   0x000044af       0x16 ./example/src/can.o
 .debug_macro   0x000044c5       0x8e ./example/src/can.o
 .debug_macro   0x00004553      0x124 ./example/src/can.o
 .debug_macro   0x00004677       0x8b ./example/src/can.o
 .debug_macro   0x00004702       0x9a ./example/src/can.o
 .debug_macro   0x0000479c       0x20 ./example/src/can.o
 .debug_macro   0x000047bc       0x2e ./example/src/can.o
 .debug_macro   0x000047ea       0x1d ./example/src/cr_startup_lpc177x_8x.o
 .debug_macro   0x00004807      0x26d ./example/src/sysinit.o
 .debug_macro   0x00004a74      0x3a0 D:\dev\_draft\CANopen\lpc_board_ea_devkit_1788\Debug\liblpc_board_ea_devkit_1788.a(board.o)
 .debug_macro   0x00004e14       0x12 D:\dev\_draft\CANopen\lpc_board_ea_devkit_1788\Debug\liblpc_board_ea_devkit_1788.a(board.o)
 .debug_macro   0x00004e26      0x273 D:\dev\_draft\CANopen\lpc_board_ea_devkit_1788\Debug\liblpc_board_ea_devkit_1788.a(board_sysinit.o)
 .debug_macro   0x00005099      0x203 D:\dev\_draft\CANopen\lpc_chip_177x_8x\Debug\liblpc_chip_177x_8x.a(can_17xx_40xx.o)
 .debug_macro   0x0000529c      0x203 D:\dev\_draft\CANopen\lpc_chip_177x_8x\Debug\liblpc_chip_177x_8x.a(chip_17xx_40xx.o)
 .debug_macro   0x0000549f      0x203 D:\dev\_draft\CANopen\lpc_chip_177x_8x\Debug\liblpc_chip_177x_8x.a(clock_17xx_40xx.o)
 .debug_macro   0x000056a2      0x209 D:\dev\_draft\CANopen\lpc_chip_177x_8x\Debug\liblpc_chip_177x_8x.a(emc_17xx_40xx.o)
 .debug_macro   0x000058ab      0x203 D:\dev\_draft\CANopen\lpc_chip_177x_8x\Debug\liblpc_chip_177x_8x.a(iocon_17xx_40xx.o)
 .debug_macro   0x00005aae      0x203 D:\dev\_draft\CANopen\lpc_chip_177x_8x\Debug\liblpc_chip_177x_8x.a(sysctl_17xx_40xx.o)
 .debug_macro   0x00005cb1      0x203 D:\dev\_draft\CANopen\lpc_chip_177x_8x\Debug\liblpc_chip_177x_8x.a(sysinit_17xx_40xx.o)
 .debug_macro   0x00005eb4      0x203 D:\dev\_draft\CANopen\lpc_chip_177x_8x\Debug\liblpc_chip_177x_8x.a(uart_17xx_40xx.o)

.debug_line     0x00000000     0x51d5
 .debug_line    0x00000000      0x753 ./example/src/can.o
 .debug_line    0x00000753       0xdd ./example/src/cr_startup_lpc177x_8x.o
 .debug_line    0x00000830      0x4f7 ./example/src/sysinit.o
 .debug_line    0x00000d27      0xb51 D:\dev\_draft\CANopen\lpc_board_ea_devkit_1788\Debug\liblpc_board_ea_devkit_1788.a(board.o)
 .debug_line    0x00001878      0x5a7 D:\dev\_draft\CANopen\lpc_board_ea_devkit_1788\Debug\liblpc_board_ea_devkit_1788.a(board_sysinit.o)
 .debug_line    0x00001e1f      0xcbe D:\dev\_draft\CANopen\lpc_chip_177x_8x\Debug\liblpc_chip_177x_8x.a(can_17xx_40xx.o)
 .debug_line    0x00002add      0x475 D:\dev\_draft\CANopen\lpc_chip_177x_8x\Debug\liblpc_chip_177x_8x.a(chip_17xx_40xx.o)
 .debug_line    0x00002f52      0x732 D:\dev\_draft\CANopen\lpc_chip_177x_8x\Debug\liblpc_chip_177x_8x.a(clock_17xx_40xx.o)
 .debug_line    0x00003684      0x5ea D:\dev\_draft\CANopen\lpc_chip_177x_8x\Debug\liblpc_chip_177x_8x.a(emc_17xx_40xx.o)
 .debug_line    0x00003c6e      0x468 D:\dev\_draft\CANopen\lpc_chip_177x_8x\Debug\liblpc_chip_177x_8x.a(iocon_17xx_40xx.o)
 .debug_line    0x000040d6      0x45a D:\dev\_draft\CANopen\lpc_chip_177x_8x\Debug\liblpc_chip_177x_8x.a(sysctl_17xx_40xx.o)
 .debug_line    0x00004530      0x504 D:\dev\_draft\CANopen\lpc_chip_177x_8x\Debug\liblpc_chip_177x_8x.a(sysinit_17xx_40xx.o)
 .debug_line    0x00004a34      0x7a1 D:\dev\_draft\CANopen\lpc_chip_177x_8x\Debug\liblpc_chip_177x_8x.a(uart_17xx_40xx.o)

.debug_str      0x00000000    0x1938a
 .debug_str     0x00000000    0x15cab ./example/src/can.o
                              0x15e15 (size before relaxing)
 .debug_str     0x00015cab      0x1ca ./example/src/cr_startup_lpc177x_8x.o
                               0x262c (size before relaxing)
 .debug_str     0x00015e75       0x23 ./example/src/sysinit.o
                              0x154ae (size before relaxing)
 .debug_str     0x00015e98     0x15e7 D:\dev\_draft\CANopen\lpc_board_ea_devkit_1788\Debug\liblpc_board_ea_devkit_1788.a(board.o)
                              0x16d14 (size before relaxing)
 .debug_str     0x0001747f      0x689 D:\dev\_draft\CANopen\lpc_board_ea_devkit_1788\Debug\liblpc_board_ea_devkit_1788.a(board_sysinit.o)
                              0x16025 (size before relaxing)
 .debug_str     0x00017b08      0x7bb D:\dev\_draft\CANopen\lpc_chip_177x_8x\Debug\liblpc_chip_177x_8x.a(can_17xx_40xx.o)
                              0x15757 (size before relaxing)
 .debug_str     0x000182c3       0xf6 D:\dev\_draft\CANopen\lpc_chip_177x_8x\Debug\liblpc_chip_177x_8x.a(chip_17xx_40xx.o)
                              0x14e39 (size before relaxing)
 .debug_str     0x000183b9      0x61d D:\dev\_draft\CANopen\lpc_chip_177x_8x\Debug\liblpc_chip_177x_8x.a(clock_17xx_40xx.o)
                              0x152c0 (size before relaxing)
 .debug_str     0x000189d6      0x4a5 D:\dev\_draft\CANopen\lpc_chip_177x_8x\Debug\liblpc_chip_177x_8x.a(emc_17xx_40xx.o)
                              0x14e6d (size before relaxing)
 .debug_str     0x00018e7b       0x46 D:\dev\_draft\CANopen\lpc_chip_177x_8x\Debug\liblpc_chip_177x_8x.a(iocon_17xx_40xx.o)
                              0x147bf (size before relaxing)
 .debug_str     0x00018ec1       0x73 D:\dev\_draft\CANopen\lpc_chip_177x_8x\Debug\liblpc_chip_177x_8x.a(sysctl_17xx_40xx.o)
                              0x14bc0 (size before relaxing)
 .debug_str     0x00018f34       0xda D:\dev\_draft\CANopen\lpc_chip_177x_8x\Debug\liblpc_chip_177x_8x.a(sysinit_17xx_40xx.o)
                              0x14a99 (size before relaxing)
 .debug_str     0x0001900e      0x37c D:\dev\_draft\CANopen\lpc_chip_177x_8x\Debug\liblpc_chip_177x_8x.a(uart_17xx_40xx.o)
                              0x15054 (size before relaxing)

.comment        0x00000000       0xe0
 .comment       0x00000000       0x70 ./example/src/can.o
                                 0x71 (size before relaxing)
 .comment       0x00000000       0x71 ./example/src/cr_startup_lpc177x_8x.o
 .comment       0x00000000       0x71 ./example/src/sysinit.o
 .comment       0x00000000       0x71 D:\dev\_draft\CANopen\lpc_board_ea_devkit_1788\Debug\liblpc_board_ea_devkit_1788.a(board.o)
 .comment       0x00000000       0x71 D:\dev\_draft\CANopen\lpc_board_ea_devkit_1788\Debug\liblpc_board_ea_devkit_1788.a(board_sysinit.o)
 .comment       0x00000000       0x71 D:\dev\_draft\CANopen\lpc_chip_177x_8x\Debug\liblpc_chip_177x_8x.a(can_17xx_40xx.o)
 .comment       0x00000000       0x71 D:\dev\_draft\CANopen\lpc_chip_177x_8x\Debug\liblpc_chip_177x_8x.a(chip_17xx_40xx.o)
 .comment       0x00000000       0x71 D:\dev\_draft\CANopen\lpc_chip_177x_8x\Debug\liblpc_chip_177x_8x.a(clock_17xx_40xx.o)
 .comment       0x00000000       0x71 D:\dev\_draft\CANopen\lpc_chip_177x_8x\Debug\liblpc_chip_177x_8x.a(emc_17xx_40xx.o)
 .comment       0x00000000       0x71 D:\dev\_draft\CANopen\lpc_chip_177x_8x\Debug\liblpc_chip_177x_8x.a(iocon_17xx_40xx.o)
 .comment       0x00000000       0x71 D:\dev\_draft\CANopen\lpc_chip_177x_8x\Debug\liblpc_chip_177x_8x.a(sysctl_17xx_40xx.o)
 .comment       0x00000000       0x71 D:\dev\_draft\CANopen\lpc_chip_177x_8x\Debug\liblpc_chip_177x_8x.a(sysinit_17xx_40xx.o)
 .comment       0x00000000       0x71 D:\dev\_draft\CANopen\lpc_chip_177x_8x\Debug\liblpc_chip_177x_8x.a(uart_17xx_40xx.o)
 .comment       0x00000070       0x70 c:/nxp/lpcxpresso_8.0.0_526/lpcxpresso/tools/bin/../lib/gcc/arm-none-eabi/4.9.3/../../../../arm-none-eabi/lib/armv7-m\libcr_nohost.a(_cr__main.o)
                                 0x71 (size before relaxing)
 .comment       0x00000000       0x71 c:/nxp/lpcxpresso_8.0.0_526/lpcxpresso/tools/bin/../lib/gcc/arm-none-eabi/4.9.3/../../../../arm-none-eabi/lib/armv7-m\libcr_c.a(fpprintf.o)
 .comment       0x00000000       0x71 c:/nxp/lpcxpresso_8.0.0_526/lpcxpresso/tools/bin/../lib/gcc/arm-none-eabi/4.9.3/../../../../arm-none-eabi/lib/armv7-m\libcr_c.a(initio.o)
 .comment       0x00000000       0x71 c:/nxp/lpcxpresso_8.0.0_526/lpcxpresso/tools/bin/../lib/gcc/arm-none-eabi/4.9.3/../../../../arm-none-eabi/lib/armv7-m\libcr_c.a(printf.o)
 .comment       0x00000000       0x71 c:/nxp/lpcxpresso_8.0.0_526/lpcxpresso/tools/bin/../lib/gcc/arm-none-eabi/4.9.3/../../../../arm-none-eabi/lib/armv7-m\libcr_c.a(setvbuf.o)
 .comment       0x00000000       0x71 c:/nxp/lpcxpresso_8.0.0_526/lpcxpresso/tools/bin/../lib/gcc/arm-none-eabi/4.9.3/../../../../arm-none-eabi/lib/armv7-m\libcr_c.a(stdio.o)
 .comment       0x00000000       0x71 c:/nxp/lpcxpresso_8.0.0_526/lpcxpresso/tools/bin/../lib/gcc/arm-none-eabi/4.9.3/../../../../arm-none-eabi/lib/armv7-m\libcr_c.a(strlen.o)
 .comment       0x00000000       0x71 c:/nxp/lpcxpresso_8.0.0_526/lpcxpresso/tools/bin/../lib/gcc/arm-none-eabi/4.9.3/../../../../arm-none-eabi/lib/armv7-m\libcr_c.a(memset.o)
 .comment       0x00000000       0x71 c:/nxp/lpcxpresso_8.0.0_526/lpcxpresso/tools/bin/../lib/gcc/arm-none-eabi/4.9.3/../../../../arm-none-eabi/lib/armv7-m\libcr_c.a(_deferredlazyseek.o)
 .comment       0x00000000       0x71 c:/nxp/lpcxpresso_8.0.0_526/lpcxpresso/tools/bin/../lib/gcc/arm-none-eabi/4.9.3/../../../../arm-none-eabi/lib/armv7-m\libcr_c.a(_fdopen.o)
 .comment       0x00000000       0x71 c:/nxp/lpcxpresso_8.0.0_526/lpcxpresso/tools/bin/../lib/gcc/arm-none-eabi/4.9.3/../../../../arm-none-eabi/lib/armv7-m\libcr_c.a(_fflush.o)
 .comment       0x00000000       0x71 c:/nxp/lpcxpresso_8.0.0_526/lpcxpresso/tools/bin/../lib/gcc/arm-none-eabi/4.9.3/../../../../arm-none-eabi/lib/armv7-m\libcr_c.a(_frexpl.o)
 .comment       0x00000000       0x71 c:/nxp/lpcxpresso_8.0.0_526/lpcxpresso/tools/bin/../lib/gcc/arm-none-eabi/4.9.3/../../../../arm-none-eabi/lib/armv7-m\libcr_c.a(_ldexpl.o)
 .comment       0x00000000       0x71 c:/nxp/lpcxpresso_8.0.0_526/lpcxpresso/tools/bin/../lib/gcc/arm-none-eabi/4.9.3/../../../../arm-none-eabi/lib/armv7-m\libcr_c.a(_writebuf.o)
 .comment       0x00000000       0x71 c:/nxp/lpcxpresso_8.0.0_526/lpcxpresso/tools/bin/../lib/gcc/arm-none-eabi/4.9.3/../../../../arm-none-eabi/lib/armv7-m\libcr_c.a(alloc.o)
 .comment       0x00000000       0x71 c:/nxp/lpcxpresso_8.0.0_526/lpcxpresso/tools/bin/../lib/gcc/arm-none-eabi/4.9.3/../../../../arm-none-eabi/lib/armv7-m\libcr_c.a(errno.o)
 .comment       0x00000000       0x71 c:/nxp/lpcxpresso_8.0.0_526/lpcxpresso/tools/bin/../lib/gcc/arm-none-eabi/4.9.3/../../../../arm-none-eabi/lib/armv7-m\libcr_c.a(fclose.o)
 .comment       0x00000000       0x71 c:/nxp/lpcxpresso_8.0.0_526/lpcxpresso/tools/bin/../lib/gcc/arm-none-eabi/4.9.3/../../../../arm-none-eabi/lib/armv7-m\libcr_c.a(fflush.o)
 .comment       0x00000000       0x71 c:/nxp/lpcxpresso_8.0.0_526/lpcxpresso/tools/bin/../lib/gcc/arm-none-eabi/4.9.3/../../../../arm-none-eabi/lib/armv7-m\libcr_c.a(fseek.o)
 .comment       0x00000000       0x71 c:/nxp/lpcxpresso_8.0.0_526/lpcxpresso/tools/bin/../lib/gcc/arm-none-eabi/4.9.3/../../../../arm-none-eabi/lib/armv7-m\libcr_c.a(ftell.o)
 .comment       0x00000000       0x71 c:/nxp/lpcxpresso_8.0.0_526/lpcxpresso/tools/bin/../lib/gcc/arm-none-eabi/4.9.3/../../../../arm-none-eabi/lib/armv7-m\libcr_c.a(remove.o)
 .comment       0x00000000       0x71 c:/nxp/lpcxpresso_8.0.0_526/lpcxpresso/tools/bin/../lib/gcc/arm-none-eabi/4.9.3/../../../../arm-none-eabi/lib/armv7-m\libcr_c.a(__init_alloc.o)
 .comment       0x00000000       0x71 c:/nxp/lpcxpresso_8.0.0_526/lpcxpresso/tools/bin/../lib/gcc/arm-none-eabi/4.9.3/../../../../arm-none-eabi/lib/armv7-m\libcr_c.a(_cr_sbrk.o)
 .comment       0x00000000       0x71 c:/nxp/lpcxpresso_8.0.0_526/lpcxpresso/tools/bin/../lib/gcc/arm-none-eabi/4.9.3/../../../../arm-none-eabi/lib/armv7-m\libcr_c.a(_do_fflush.o)
 .comment       0x00000000       0x71 c:/nxp/lpcxpresso_8.0.0_526/lpcxpresso/tools/bin/../lib/gcc/arm-none-eabi/4.9.3/../../../../arm-none-eabi/lib/armv7-m\libcr_c.a(_hugeval.o)
 .comment       0x00000000       0x71 c:/nxp/lpcxpresso_8.0.0_526/lpcxpresso/tools/bin/../lib/gcc/arm-none-eabi/4.9.3/../../../../arm-none-eabi/lib/armv7-m\libcr_c.a(_cr_check_heap.o)
 .comment       0x00000000       0x71 c:/nxp/lpcxpresso_8.0.0_526/lpcxpresso/tools/bin/../lib/gcc/arm-none-eabi/4.9.3/armv7-m\libcr_eabihelpers.a(double.o)
 .comment       0x00000000       0x71 c:/nxp/lpcxpresso_8.0.0_526/lpcxpresso/tools/bin/../lib/gcc/arm-none-eabi/4.9.3/../../../../arm-none-eabi/lib/armv7-m\libcr_nohost.a(__sys_appexit.o)
 .comment       0x00000000       0x71 c:/nxp/lpcxpresso_8.0.0_526/lpcxpresso/tools/bin/../lib/gcc/arm-none-eabi/4.9.3/../../../../arm-none-eabi/lib/armv7-m\libcr_nohost.a(__sys_close.o)
 .comment       0x00000000       0x71 c:/nxp/lpcxpresso_8.0.0_526/lpcxpresso/tools/bin/../lib/gcc/arm-none-eabi/4.9.3/../../../../arm-none-eabi/lib/armv7-m\libcr_nohost.a(__sys_flen.o)
 .comment       0x00000000       0x71 c:/nxp/lpcxpresso_8.0.0_526/lpcxpresso/tools/bin/../lib/gcc/arm-none-eabi/4.9.3/../../../../arm-none-eabi/lib/armv7-m\libcr_nohost.a(__sys_istty.o)
 .comment       0x00000000       0x71 c:/nxp/lpcxpresso_8.0.0_526/lpcxpresso/tools/bin/../lib/gcc/arm-none-eabi/4.9.3/../../../../arm-none-eabi/lib/armv7-m\libcr_nohost.a(__sys_remove.o)
 .comment       0x00000000       0x71 c:/nxp/lpcxpresso_8.0.0_526/lpcxpresso/tools/bin/../lib/gcc/arm-none-eabi/4.9.3/../../../../arm-none-eabi/lib/armv7-m\libcr_nohost.a(__sys_seek.o)
 .comment       0x00000000       0x71 c:/nxp/lpcxpresso_8.0.0_526/lpcxpresso/tools/bin/../lib/gcc/arm-none-eabi/4.9.3/../../../../arm-none-eabi/lib/armv7-m\libcr_nohost.a(__sys_tmpnam.o)

.ARM.attributes
                0x00000000       0x31
 .ARM.attributes
                0x00000000       0x33 ./example/src/can.o
 .ARM.attributes
                0x00000033       0x33 ./example/src/cr_startup_lpc177x_8x.o
 .ARM.attributes
                0x00000066       0x33 ./example/src/sysinit.o
 .ARM.attributes
                0x00000099       0x33 D:\dev\_draft\CANopen\lpc_board_ea_devkit_1788\Debug\liblpc_board_ea_devkit_1788.a(board.o)
 .ARM.attributes
                0x000000cc       0x33 D:\dev\_draft\CANopen\lpc_board_ea_devkit_1788\Debug\liblpc_board_ea_devkit_1788.a(board_sysinit.o)
 .ARM.attributes
                0x000000ff       0x33 D:\dev\_draft\CANopen\lpc_chip_177x_8x\Debug\liblpc_chip_177x_8x.a(can_17xx_40xx.o)
 .ARM.attributes
                0x00000132       0x33 D:\dev\_draft\CANopen\lpc_chip_177x_8x\Debug\liblpc_chip_177x_8x.a(chip_17xx_40xx.o)
 .ARM.attributes
                0x00000165       0x33 D:\dev\_draft\CANopen\lpc_chip_177x_8x\Debug\liblpc_chip_177x_8x.a(clock_17xx_40xx.o)
 .ARM.attributes
                0x00000198       0x33 D:\dev\_draft\CANopen\lpc_chip_177x_8x\Debug\liblpc_chip_177x_8x.a(emc_17xx_40xx.o)
 .ARM.attributes
                0x000001cb       0x33 D:\dev\_draft\CANopen\lpc_chip_177x_8x\Debug\liblpc_chip_177x_8x.a(iocon_17xx_40xx.o)
 .ARM.attributes
                0x000001fe       0x33 D:\dev\_draft\CANopen\lpc_chip_177x_8x\Debug\liblpc_chip_177x_8x.a(sysctl_17xx_40xx.o)
 .ARM.attributes
                0x00000231       0x33 D:\dev\_draft\CANopen\lpc_chip_177x_8x\Debug\liblpc_chip_177x_8x.a(sysinit_17xx_40xx.o)
 .ARM.attributes
                0x00000264       0x33 D:\dev\_draft\CANopen\lpc_chip_177x_8x\Debug\liblpc_chip_177x_8x.a(uart_17xx_40xx.o)
 .ARM.attributes
                0x00000297       0x33 c:/nxp/lpcxpresso_8.0.0_526/lpcxpresso/tools/bin/../lib/gcc/arm-none-eabi/4.9.3/../../../../arm-none-eabi/lib/armv7-m\libcr_nohost.a(_cr__main.o)
 .ARM.attributes
                0x000002ca       0x33 c:/nxp/lpcxpresso_8.0.0_526/lpcxpresso/tools/bin/../lib/gcc/arm-none-eabi/4.9.3/../../../../arm-none-eabi/lib/armv7-m\libcr_c.a(fpprintf.o)
 .ARM.attributes
                0x000002fd       0x33 c:/nxp/lpcxpresso_8.0.0_526/lpcxpresso/tools/bin/../lib/gcc/arm-none-eabi/4.9.3/../../../../arm-none-eabi/lib/armv7-m\libcr_c.a(initio.o)
 .ARM.attributes
                0x00000330       0x33 c:/nxp/lpcxpresso_8.0.0_526/lpcxpresso/tools/bin/../lib/gcc/arm-none-eabi/4.9.3/../../../../arm-none-eabi/lib/armv7-m\libcr_c.a(printf.o)
 .ARM.attributes
                0x00000363       0x33 c:/nxp/lpcxpresso_8.0.0_526/lpcxpresso/tools/bin/../lib/gcc/arm-none-eabi/4.9.3/../../../../arm-none-eabi/lib/armv7-m\libcr_c.a(setvbuf.o)
 .ARM.attributes
                0x00000396       0x33 c:/nxp/lpcxpresso_8.0.0_526/lpcxpresso/tools/bin/../lib/gcc/arm-none-eabi/4.9.3/../../../../arm-none-eabi/lib/armv7-m\libcr_c.a(stdio.o)
 .ARM.attributes
                0x000003c9       0x33 c:/nxp/lpcxpresso_8.0.0_526/lpcxpresso/tools/bin/../lib/gcc/arm-none-eabi/4.9.3/../../../../arm-none-eabi/lib/armv7-m\libcr_c.a(strlen.o)
 .ARM.attributes
                0x000003fc       0x33 c:/nxp/lpcxpresso_8.0.0_526/lpcxpresso/tools/bin/../lib/gcc/arm-none-eabi/4.9.3/../../../../arm-none-eabi/lib/armv7-m\libcr_c.a(memset.o)
 .ARM.attributes
                0x0000042f       0x33 c:/nxp/lpcxpresso_8.0.0_526/lpcxpresso/tools/bin/../lib/gcc/arm-none-eabi/4.9.3/../../../../arm-none-eabi/lib/armv7-m\libcr_c.a(_deferredlazyseek.o)
 .ARM.attributes
                0x00000462       0x33 c:/nxp/lpcxpresso_8.0.0_526/lpcxpresso/tools/bin/../lib/gcc/arm-none-eabi/4.9.3/../../../../arm-none-eabi/lib/armv7-m\libcr_c.a(_fdopen.o)
 .ARM.attributes
                0x00000495       0x33 c:/nxp/lpcxpresso_8.0.0_526/lpcxpresso/tools/bin/../lib/gcc/arm-none-eabi/4.9.3/../../../../arm-none-eabi/lib/armv7-m\libcr_c.a(_fflush.o)
 .ARM.attributes
                0x000004c8       0x33 c:/nxp/lpcxpresso_8.0.0_526/lpcxpresso/tools/bin/../lib/gcc/arm-none-eabi/4.9.3/../../../../arm-none-eabi/lib/armv7-m\libcr_c.a(_frexpl.o)
 .ARM.attributes
                0x000004fb       0x33 c:/nxp/lpcxpresso_8.0.0_526/lpcxpresso/tools/bin/../lib/gcc/arm-none-eabi/4.9.3/../../../../arm-none-eabi/lib/armv7-m\libcr_c.a(_ldexpl.o)
 .ARM.attributes
                0x0000052e       0x33 c:/nxp/lpcxpresso_8.0.0_526/lpcxpresso/tools/bin/../lib/gcc/arm-none-eabi/4.9.3/../../../../arm-none-eabi/lib/armv7-m\libcr_c.a(_writebuf.o)
 .ARM.attributes
                0x00000561       0x33 c:/nxp/lpcxpresso_8.0.0_526/lpcxpresso/tools/bin/../lib/gcc/arm-none-eabi/4.9.3/../../../../arm-none-eabi/lib/armv7-m\libcr_c.a(alloc.o)
 .ARM.attributes
                0x00000594       0x33 c:/nxp/lpcxpresso_8.0.0_526/lpcxpresso/tools/bin/../lib/gcc/arm-none-eabi/4.9.3/../../../../arm-none-eabi/lib/armv7-m\libcr_c.a(errno.o)
 .ARM.attributes
                0x000005c7       0x33 c:/nxp/lpcxpresso_8.0.0_526/lpcxpresso/tools/bin/../lib/gcc/arm-none-eabi/4.9.3/../../../../arm-none-eabi/lib/armv7-m\libcr_c.a(fclose.o)
 .ARM.attributes
                0x000005fa       0x33 c:/nxp/lpcxpresso_8.0.0_526/lpcxpresso/tools/bin/../lib/gcc/arm-none-eabi/4.9.3/../../../../arm-none-eabi/lib/armv7-m\libcr_c.a(fflush.o)
 .ARM.attributes
                0x0000062d       0x33 c:/nxp/lpcxpresso_8.0.0_526/lpcxpresso/tools/bin/../lib/gcc/arm-none-eabi/4.9.3/../../../../arm-none-eabi/lib/armv7-m\libcr_c.a(fseek.o)
 .ARM.attributes
                0x00000660       0x33 c:/nxp/lpcxpresso_8.0.0_526/lpcxpresso/tools/bin/../lib/gcc/arm-none-eabi/4.9.3/../../../../arm-none-eabi/lib/armv7-m\libcr_c.a(ftell.o)
 .ARM.attributes
                0x00000693       0x33 c:/nxp/lpcxpresso_8.0.0_526/lpcxpresso/tools/bin/../lib/gcc/arm-none-eabi/4.9.3/../../../../arm-none-eabi/lib/armv7-m\libcr_c.a(remove.o)
 .ARM.attributes
                0x000006c6       0x33 c:/nxp/lpcxpresso_8.0.0_526/lpcxpresso/tools/bin/../lib/gcc/arm-none-eabi/4.9.3/../../../../arm-none-eabi/lib/armv7-m\libcr_c.a(__init_alloc.o)
 .ARM.attributes
                0x000006f9       0x33 c:/nxp/lpcxpresso_8.0.0_526/lpcxpresso/tools/bin/../lib/gcc/arm-none-eabi/4.9.3/../../../../arm-none-eabi/lib/armv7-m\libcr_c.a(_cr_sbrk.o)
 .ARM.attributes
                0x0000072c       0x33 c:/nxp/lpcxpresso_8.0.0_526/lpcxpresso/tools/bin/../lib/gcc/arm-none-eabi/4.9.3/../../../../arm-none-eabi/lib/armv7-m\libcr_c.a(_do_fflush.o)
 .ARM.attributes
                0x0000075f       0x33 c:/nxp/lpcxpresso_8.0.0_526/lpcxpresso/tools/bin/../lib/gcc/arm-none-eabi/4.9.3/../../../../arm-none-eabi/lib/armv7-m\libcr_c.a(_hugeval.o)
 .ARM.attributes
                0x00000792       0x33 c:/nxp/lpcxpresso_8.0.0_526/lpcxpresso/tools/bin/../lib/gcc/arm-none-eabi/4.9.3/../../../../arm-none-eabi/lib/armv7-m\libcr_c.a(_cr_check_heap.o)
 .ARM.attributes
                0x000007c5       0x33 c:/nxp/lpcxpresso_8.0.0_526/lpcxpresso/tools/bin/../lib/gcc/arm-none-eabi/4.9.3/armv7-m\libcr_eabihelpers.a(double.o)
 .ARM.attributes
                0x000007f8       0x21 c:/nxp/lpcxpresso_8.0.0_526/lpcxpresso/tools/bin/../lib/gcc/arm-none-eabi/4.9.3/armv7-m\libcr_eabihelpers.a(memcpy.o)
 .ARM.attributes
                0x00000819       0x33 c:/nxp/lpcxpresso_8.0.0_526/lpcxpresso/tools/bin/../lib/gcc/arm-none-eabi/4.9.3/../../../../arm-none-eabi/lib/armv7-m\libcr_nohost.a(__sys_appexit.o)
 .ARM.attributes
                0x0000084c       0x33 c:/nxp/lpcxpresso_8.0.0_526/lpcxpresso/tools/bin/../lib/gcc/arm-none-eabi/4.9.3/../../../../arm-none-eabi/lib/armv7-m\libcr_nohost.a(__sys_close.o)
 .ARM.attributes
                0x0000087f       0x33 c:/nxp/lpcxpresso_8.0.0_526/lpcxpresso/tools/bin/../lib/gcc/arm-none-eabi/4.9.3/../../../../arm-none-eabi/lib/armv7-m\libcr_nohost.a(__sys_flen.o)
 .ARM.attributes
                0x000008b2       0x33 c:/nxp/lpcxpresso_8.0.0_526/lpcxpresso/tools/bin/../lib/gcc/arm-none-eabi/4.9.3/../../../../arm-none-eabi/lib/armv7-m\libcr_nohost.a(__sys_istty.o)
 .ARM.attributes
                0x000008e5       0x33 c:/nxp/lpcxpresso_8.0.0_526/lpcxpresso/tools/bin/../lib/gcc/arm-none-eabi/4.9.3/../../../../arm-none-eabi/lib/armv7-m\libcr_nohost.a(__sys_remove.o)
 .ARM.attributes
                0x00000918       0x33 c:/nxp/lpcxpresso_8.0.0_526/lpcxpresso/tools/bin/../lib/gcc/arm-none-eabi/4.9.3/../../../../arm-none-eabi/lib/armv7-m\libcr_nohost.a(__sys_seek.o)
 .ARM.attributes
                0x0000094b       0x33 c:/nxp/lpcxpresso_8.0.0_526/lpcxpresso/tools/bin/../lib/gcc/arm-none-eabi/4.9.3/../../../../arm-none-eabi/lib/armv7-m\libcr_nohost.a(__sys_tmpnam.o)

.debug_frame    0x00000000     0x23f8
 .debug_frame   0x00000000      0x224 ./example/src/can.o
 .debug_frame   0x00000224      0x170 ./example/src/cr_startup_lpc177x_8x.o
 .debug_frame   0x00000394       0x34 ./example/src/sysinit.o
 .debug_frame   0x000003c8      0x824 D:\dev\_draft\CANopen\lpc_board_ea_devkit_1788\Debug\liblpc_board_ea_devkit_1788.a(board.o)
 .debug_frame   0x00000bec       0xf8 D:\dev\_draft\CANopen\lpc_board_ea_devkit_1788\Debug\liblpc_board_ea_devkit_1788.a(board_sysinit.o)
 .debug_frame   0x00000ce4      0x8a8 D:\dev\_draft\CANopen\lpc_chip_177x_8x\Debug\liblpc_chip_177x_8x.a(can_17xx_40xx.o)
 .debug_frame   0x0000158c       0x70 D:\dev\_draft\CANopen\lpc_chip_177x_8x\Debug\liblpc_chip_177x_8x.a(chip_17xx_40xx.o)
 .debug_frame   0x000015fc      0x500 D:\dev\_draft\CANopen\lpc_chip_177x_8x\Debug\liblpc_chip_177x_8x.a(clock_17xx_40xx.o)
 .debug_frame   0x00001afc      0x1fc D:\dev\_draft\CANopen\lpc_chip_177x_8x\Debug\liblpc_chip_177x_8x.a(emc_17xx_40xx.o)
 .debug_frame   0x00001cf8       0x60 D:\dev\_draft\CANopen\lpc_chip_177x_8x\Debug\liblpc_chip_177x_8x.a(iocon_17xx_40xx.o)
 .debug_frame   0x00001d58       0x60 D:\dev\_draft\CANopen\lpc_chip_177x_8x\Debug\liblpc_chip_177x_8x.a(sysctl_17xx_40xx.o)
 .debug_frame   0x00001db8      0x134 D:\dev\_draft\CANopen\lpc_chip_177x_8x\Debug\liblpc_chip_177x_8x.a(sysinit_17xx_40xx.o)
 .debug_frame   0x00001eec      0x50c D:\dev\_draft\CANopen\lpc_chip_177x_8x\Debug\liblpc_chip_177x_8x.a(uart_17xx_40xx.o)
